Archive member included to satisfy reference by file (symbol)

/Applications/ArmGNUToolchain/13.2.Rel1/arm-none-eabi/bin/../lib/gcc/arm-none-eabi/13.2.1/thumb/v6-m/nofp/libgcc.a(_dvmd_tls.o)
                              CMakeFiles/16next.dir/Users/jojo/pico-sdk/src/rp2_common/pico_divider/divider.S.obj (__aeabi_idiv0)
/Applications/ArmGNUToolchain/13.2.Rel1/arm-none-eabi/bin/../lib/gcc/arm-none-eabi/13.2.1/../../../../arm-none-eabi/lib/thumb/v6-m/nofp/libg.a(libc_a-calloc.o)
                              CMakeFiles/16next.dir/Users/jojo/pico-sdk/src/rp2_common/pico_malloc/pico_malloc.c.obj (calloc)
/Applications/ArmGNUToolchain/13.2.Rel1/arm-none-eabi/bin/../lib/gcc/arm-none-eabi/13.2.1/../../../../arm-none-eabi/lib/thumb/v6-m/nofp/libg.a(libc_a-callocr.o)
                              /Applications/ArmGNUToolchain/13.2.Rel1/arm-none-eabi/bin/../lib/gcc/arm-none-eabi/13.2.1/../../../../arm-none-eabi/lib/thumb/v6-m/nofp/libg.a(libc_a-calloc.o) (_calloc_r)
/Applications/ArmGNUToolchain/13.2.Rel1/arm-none-eabi/bin/../lib/gcc/arm-none-eabi/13.2.1/../../../../arm-none-eabi/lib/thumb/v6-m/nofp/libg.a(libc_a-malloc.o)
                              CMakeFiles/16next.dir/Users/jojo/pico-sdk/src/rp2_common/pico_malloc/pico_malloc.c.obj (malloc)
/Applications/ArmGNUToolchain/13.2.Rel1/arm-none-eabi/bin/../lib/gcc/arm-none-eabi/13.2.1/../../../../arm-none-eabi/lib/thumb/v6-m/nofp/libg.a(libc_a-mallocr.o)
                              /Applications/ArmGNUToolchain/13.2.Rel1/arm-none-eabi/bin/../lib/gcc/arm-none-eabi/13.2.1/../../../../arm-none-eabi/lib/thumb/v6-m/nofp/libg.a(libc_a-callocr.o) (_malloc_r)
/Applications/ArmGNUToolchain/13.2.Rel1/arm-none-eabi/bin/../lib/gcc/arm-none-eabi/13.2.1/../../../../arm-none-eabi/lib/thumb/v6-m/nofp/libg.a(libc_a-mlock.o)
                              /Applications/ArmGNUToolchain/13.2.Rel1/arm-none-eabi/bin/../lib/gcc/arm-none-eabi/13.2.1/../../../../arm-none-eabi/lib/thumb/v6-m/nofp/libg.a(libc_a-mallocr.o) (__malloc_lock)
/Applications/ArmGNUToolchain/13.2.Rel1/arm-none-eabi/bin/../lib/gcc/arm-none-eabi/13.2.1/../../../../arm-none-eabi/lib/thumb/v6-m/nofp/libg.a(libc_a-realloc.o)
                              CMakeFiles/16next.dir/Users/jojo/pico-sdk/src/rp2_common/pico_malloc/pico_malloc.c.obj (realloc)
/Applications/ArmGNUToolchain/13.2.Rel1/arm-none-eabi/bin/../lib/gcc/arm-none-eabi/13.2.1/../../../../arm-none-eabi/lib/thumb/v6-m/nofp/libg.a(libc_a-reallocr.o)
                              /Applications/ArmGNUToolchain/13.2.Rel1/arm-none-eabi/bin/../lib/gcc/arm-none-eabi/13.2.1/../../../../arm-none-eabi/lib/thumb/v6-m/nofp/libg.a(libc_a-realloc.o) (_realloc_r)
/Applications/ArmGNUToolchain/13.2.Rel1/arm-none-eabi/bin/../lib/gcc/arm-none-eabi/13.2.1/../../../../arm-none-eabi/lib/thumb/v6-m/nofp/libg.a(libc_a-memmove.o)
                              /Applications/ArmGNUToolchain/13.2.Rel1/arm-none-eabi/bin/../lib/gcc/arm-none-eabi/13.2.1/../../../../arm-none-eabi/lib/thumb/v6-m/nofp/libg.a(libc_a-reallocr.o) (memmove)
/Applications/ArmGNUToolchain/13.2.Rel1/arm-none-eabi/bin/../lib/gcc/arm-none-eabi/13.2.1/../../../../arm-none-eabi/lib/thumb/v6-m/nofp/libg.a(libc_a-impure.o)
                              /Applications/ArmGNUToolchain/13.2.Rel1/arm-none-eabi/bin/../lib/gcc/arm-none-eabi/13.2.1/../../../../arm-none-eabi/lib/thumb/v6-m/nofp/libg.a(libc_a-calloc.o) (_impure_ptr)
/Applications/ArmGNUToolchain/13.2.Rel1/arm-none-eabi/bin/../lib/gcc/arm-none-eabi/13.2.1/../../../../arm-none-eabi/lib/thumb/v6-m/nofp/libg.a(libc_a-sbrkr.o)
                              /Applications/ArmGNUToolchain/13.2.Rel1/arm-none-eabi/bin/../lib/gcc/arm-none-eabi/13.2.1/../../../../arm-none-eabi/lib/thumb/v6-m/nofp/libg.a(libc_a-mallocr.o) (_sbrk_r)
/Applications/ArmGNUToolchain/13.2.Rel1/arm-none-eabi/bin/../lib/gcc/arm-none-eabi/13.2.1/../../../../arm-none-eabi/lib/thumb/v6-m/nofp/libg.a(libc_a-errno.o)
                              /Applications/ArmGNUToolchain/13.2.Rel1/arm-none-eabi/bin/../lib/gcc/arm-none-eabi/13.2.1/../../../../arm-none-eabi/lib/thumb/v6-m/nofp/libg.a(libc_a-callocr.o) (__errno)
/Applications/ArmGNUToolchain/13.2.Rel1/arm-none-eabi/bin/../lib/gcc/arm-none-eabi/13.2.1/../../../../arm-none-eabi/lib/thumb/v6-m/nofp/libg.a(libc_a-sysconf.o)
                              /Applications/ArmGNUToolchain/13.2.Rel1/arm-none-eabi/bin/../lib/gcc/arm-none-eabi/13.2.1/../../../../arm-none-eabi/lib/thumb/v6-m/nofp/libg.a(libc_a-mallocr.o) (sysconf)
/Applications/ArmGNUToolchain/13.2.Rel1/arm-none-eabi/bin/../lib/gcc/arm-none-eabi/13.2.1/../../../../arm-none-eabi/lib/thumb/v6-m/nofp/libg.a(libc_a-init.o)
                              /Applications/ArmGNUToolchain/13.2.Rel1/arm-none-eabi/bin/../lib/gcc/arm-none-eabi/13.2.1/../../../../arm-none-eabi/lib/thumb/v6-m/nofp/crt0.o (__libc_init_array)
/Applications/ArmGNUToolchain/13.2.Rel1/arm-none-eabi/bin/../lib/gcc/arm-none-eabi/13.2.1/../../../../arm-none-eabi/lib/thumb/v6-m/nofp/libg.a(libc_a-lock.o)
[...]
Memory Configuration

Name             Origin             Length             Attributes
FLASH            0x10000000         0x00200000         xr
RAM              0x20000000         0x00040000         xrw
SCRATCH_X        0x20040000         0x00001000         xrw
SCRATCH_Y        0x20041000         0x00001000         xrw
*default*        0x00000000         0xffffffff

Linker script and memory map

LOAD /Applications/ArmGNUToolchain/13.2.Rel1/arm-none-eabi/bin/../lib/gcc/arm-none-eabi/13.2.1/thumb/v6-m/nofp/crti.o
LOAD /Applications/ArmGNUToolchain/13.2.Rel1/arm-none-eabi/bin/../lib/gcc/arm-none-eabi/13.2.1/thumb/v6-m/nofp/crtbegin.o
LOAD /Applications/ArmGNUToolchain/13.2.Rel1/arm-none-eabi/bin/../lib/gcc/arm-none-eabi/13.2.1/../../../../arm-none-eabi/lib/thumb/v6-m/nofp/crt0.o

.flash_begin    0x10000000        0x0
                0x10000000                        __flash_binary_start = .

.boot2          0x10000000      0x100
                0x10000000                        __boot2_start__ = .
 *(.boot2)
 .boot2         0x10000000      0x100 /var/folders/78/z73dxgs505gfrd86f9q9mm240000gq/T//ccNhtpNn.o
                0x10000100                        __boot2_end__ = .
                0x00000001                        ASSERT (((__boot2_end__ - __boot2_start__) == 0x100), ERROR: Pico second stage bootloader must be 256 bytes in size)

.text           0x10000100     0x8610
                0x10000100                        __logical_binary_start = .
 *(.vectors)
 .vectors       0x10000100       0xd4 CMakeFiles/16next.dir/Users/jojo/pico-sdk/src/rp2_common/pico_standard_link/crt0.S.obj
                0x10000100                __VECTOR_TABLE
                0x10000100                __vectors
                0x100001c0                __default_isrs_start
                0x100001c0                isr_invalid
                0x100001c2                isr_nmi
                0x100001c4                isr_hardfault
                0x100001c6                isr_svcall
                0x100001c8                isr_pendsv
                0x100001ca                isr_systick
                0x100001cc                isr_irq28
                0x100001cc                isr_irq19
                0x100001cc                isr_irq0
                0x100001cc                isr_irq6
                0x100001cc                isr_irq22
                0x100001cc                isr_irq17
                0x100001cc                isr_irq14
                0x100001cc                isr_irq2
                0x100001cc                isr_irq10
                0x100001cc                isr_irq8
                0x100001cc                isr_irq24
                0x100001cc                isr_irq1
                0x100001cc                isr_irq7
                0x100001cc                isr_irq21
                0x100001cc                isr_irq20
                0x100001cc                isr_irq15
                0x100001cc                isr_irq25
                0x100001cc                isr_irq4
                0x100001cc                isr_irq16
                0x100001cc                isr_irq29
                0x100001cc                isr_irq26
                0x100001cc                __default_isrs_end
                0x100001cc                isr_irq3
                0x100001cc                isr_irq9
                0x100001cc                __unhandled_user_irq
                0x100001cc                isr_irq13
                0x100001cc                isr_irq27
                0x100001cc                isr_irq31
                0x100001cc                isr_irq5
                0x100001cc                isr_irq11
                0x100001cc                isr_irq23
                0x100001cc                isr_irq18
                0x100001cc                isr_irq30
                0x100001cc                isr_irq12
                0x100001d2                unhandled_user_irq_num_in_r0
 *(.binary_info_header)
 .binary_info_header
                0x100001d4       0x14 CMakeFiles/16next.dir/Users/jojo/pico-sdk/src/rp2_common/pico_standard_link/crt0.S.obj
                0x100001e8                        __binary_info_header_end = .
 *(.reset)
 .reset         0x100001e8       0xa0 CMakeFiles/16next.dir/Users/jojo/pico-sdk/src/rp2_common/pico_standard_link/crt0.S.obj
                0x100001e8                _entry_point
 .reset         0x10000288       0x30 CMakeFiles/16next.dir/Users/jojo/pico-sdk/src/rp2_common/pico_standard_link/binary_info.c.obj
 *(.init)
 .init          0x100002b8        0x4 /Applications/ArmGNUToolchain/13.2.Rel1/arm-none-eabi/bin/../lib/gcc/arm-none-eabi/13.2.1/thumb/v6-m/nofp/crti.o
                0x100002b8                _init
 *(EXCLUDE_FILE(*libm.a: *libc.a:*lib_a-mem*.o *libgcc.a:) .text*)
 .text.register_tm_clones
                0x100002bc       0x28 /Applications/ArmGNUToolchain/13.2.Rel1/arm-none-eabi/bin/../lib/gcc/arm-none-eabi/13.2.1/thumb/v6-m/nofp/crtbegin.o
 .text.frame_dummy
                0x100002e4       0x24 /Applications/ArmGNUToolchain/13.2.Rel1/arm-none-eabi/bin/../lib/gcc/arm-none-eabi/13.2.1/thumb/v6-m/nofp/crtbegin.o
 .text.to_ms_since_boot
                0x10000308       0x1c CMakeFiles/16next.dir/main.cpp.obj
 .text.adc_gpio_init
                0x10000324       0x1e CMakeFiles/16next.dir/main.cpp.obj
 *fill*         0x10000342        0x2 
 .text._ZL20update_us_since_bootP15absolute_time_ty
                0x10000344       0x24 CMakeFiles/16next.dir/main.cpp.obj
 .text.get_absolute_time
                0x10000368       0x16 CMakeFiles/16next.dir/main.cpp.obj
 *fill*         0x1000037e        0x2 
 .text._Z41__static_initialization_and_destruction_0v
                0x10000380       0x20 CMakeFiles/16next.dir/main.cpp.obj
 .text.delayed_by_ms
                0x100003a0       0x38 CMakeFiles/16next.dir/main.cpp.obj
 .text.make_timeout_time_ms
                0x100003d8       0x20 CMakeFiles/16next.dir/main.cpp.obj
 .text.delayed_by_us
                0x100003f8       0x28 CMakeFiles/16next.dir/main.cpp.obj
 .text.make_timeout_time_us
                0x10000420       0x24 CMakeFiles/16next.dir/main.cpp.obj
 .text._ZN20ResponsiveAnalogRead5beginEibf
                0x10000444       0x3a CMakeFiles/16next.dir/main.cpp.obj
                0x10000444                ResponsiveAnalogRead::begin(int, bool, float)
 *fill*         0x1000047e        0x2 
 .text._ZN20ResponsiveAnalogRead18getResponsiveValueEi
                0x10000480      0x1d8 CMakeFiles/16next.dir/main.cpp.obj
                0x10000480                ResponsiveAnalogRead::getResponsiveValue(int)
 .text._ZN20ResponsiveAnalogRead6updateEi
                0x10000658       0x1e CMakeFiles/16next.dir/main.cpp.obj
                0x10000658                ResponsiveAnalogRead::update(int)
 *fill*         0x10000676        0x2 
 .text._Z13setMuxChannelh
                0x10000678       0x34 CMakeFiles/16next.dir/main.cpp.obj
                0x10000678                setMuxChannel(unsigned char)
 .text._Z18processSysexBufferv
                0x100006ac       0x68 CMakeFiles/16next.dir/main.cpp.obj
                0x100006ac                processSysexBuffer()
 .text._Z14midi_read_taskv
                0x10000714      0x108 CMakeFiles/16next.dir/main.cpp.obj
                0x10000714                midi_read_task()
 .text._Z14updateControlsb
                0x1000081c      0x27c CMakeFiles/16next.dir/main.cpp.obj
                0x1000081c                updateControls(bool)
 .text.main     0x10000a98      0x228 CMakeFiles/16next.dir/main.cpp.obj
                0x10000a98                main
 .text._GLOBAL__sub_I_startTime
                0x10000cc0        0x8 CMakeFiles/16next.dir/main.cpp.obj
 .text._Z11applyConfigPhP16ControllerConfig
                0x10000cc8       0xe8 CMakeFiles/16next.dir/lib/config.cpp.obj
                0x10000cc8                applyConfig(unsigned char*, ControllerConfig*)
 .text._Z10saveConfigPh
                0x10000db0        0xa CMakeFiles/16next.dir/lib/config.cpp.obj
                0x10000db0                saveConfig(unsigned char*)
 .text._Z12updateConfigPhhP16ControllerConfig
                0x10000dba       0x2c CMakeFiles/16next.dir/lib/config.cpp.obj
                0x10000dba                updateConfig(unsigned char*, unsigned char, ControllerConfig*)
 *fill*         0x10000de6        0x2 
 .text._Z16setDefaultConfigv
                0x10000de8       0x14 CMakeFiles/16next.dir/lib/config.cpp.obj
                0x10000de8                setDefaultConfig()
 .text._Z10loadConfigP16ControllerConfigb
                0x10000dfc       0x40 CMakeFiles/16next.dir/lib/config.cpp.obj
                0x10000dfc                loadConfig(ControllerConfig*, bool)
 .text._Z14firstEmptyPagev
                0x10000e3c       0x28 CMakeFiles/16next.dir/lib/flash_onboard.cpp.obj
                0x10000e3c                firstEmptyPage()
 .text._Z9readFlashPht
                0x10000e64       0x28 CMakeFiles/16next.dir/lib/flash_onboard.cpp.obj
                0x10000e64                readFlash(unsigned char*, unsigned short)
 .text._Z10writeFlashPht
                0x10000e8c       0x50 CMakeFiles/16next.dir/lib/flash_onboard.cpp.obj
                0x10000e8c                writeFlash(unsigned char*, unsigned short)
 .text._Z16eraseFlashSectorv
                0x10000edc       0x1c CMakeFiles/16next.dir/lib/flash_onboard.cpp.obj
                0x10000edc                eraseFlashSector()
 .text._Z23copySysexStreamToBufferPhS_hh
                0x10000ef8       0x20 CMakeFiles/16next.dir/lib/sysex.cpp.obj
                0x10000ef8                copySysexStreamToBuffer(unsigned char*, unsigned char*, unsigned char, unsigned char)
 .text._Z20sendByteArrayAsSysexhPhh
                0x10000f18       0x90 CMakeFiles/16next.dir/lib/sysex.cpp.obj
                0x10000f18                sendByteArrayAsSysex(unsigned char, unsigned char*, unsigned char)
 .text._Z17sendCurrentConfigv
                0x10000fa8       0x40 CMakeFiles/16next.dir/lib/sysex.cpp.obj
                0x10000fa8                sendCurrentConfig()
 .text.tud_descriptor_device_cb
                0x10000fe8       0x18 CMakeFiles/16next.dir/usb_descriptors.c.obj
                0x10000fe8                tud_descriptor_device_cb
 .text.tud_descriptor_configuration_cb
                0x10001000        0x8 CMakeFiles/16next.dir/usb_descriptors.c.obj
                0x10001000                tud_descriptor_configuration_cb
 .text.tud_descriptor_string_cb
                0x10001008       0x64 CMakeFiles/16next.dir/usb_descriptors.c.obj
                0x10001008                tud_descriptor_string_cb
 .text.gpio_set_function
                0x1000106c       0x30 CMakeFiles/16next.dir/Users/jojo/pico-sdk/src/rp2_common/hardware_gpio/gpio.c.obj
                0x1000106c                gpio_set_function
 .text.gpio_set_pulls
                0x1000109c       0x34 CMakeFiles/16next.dir/Users/jojo/pico-sdk/src/rp2_common/hardware_gpio/gpio.c.obj
                0x1000109c                gpio_set_pulls
 .text.gpio_set_input_enabled
                0x100010d0       0x30 CMakeFiles/16next.dir/Users/jojo/pico-sdk/src/rp2_common/hardware_gpio/gpio.c.obj
                0x100010d0                gpio_set_input_enabled
 .text.gpio_init
                0x10001100       0x16 CMakeFiles/16next.dir/Users/jojo/pico-sdk/src/rp2_common/hardware_gpio/gpio.c.obj
                0x10001100                gpio_init
 *fill*         0x10001116        0x2 
 .text.running_on_fpga
                0x10001118       0x14 CMakeFiles/16next.dir/Users/jojo/pico-sdk/src/rp2_common/pico_platform/platform.c.obj
                0x10001118                running_on_fpga
 .text.hw_claim_lock
                0x1000112c       0x18 CMakeFiles/16next.dir/Users/jojo/pico-sdk/src/rp2_common/hardware_claim/claim.c.obj
                0x1000112c                hw_claim_lock
 .text.hw_claim_unlock
                0x10001144       0x14 CMakeFiles/16next.dir/Users/jojo/pico-sdk/src/rp2_common/hardware_claim/claim.c.obj
                0x10001144                hw_claim_unlock
 .text.hw_claim_or_assert
                0x10001158       0x32 CMakeFiles/16next.dir/Users/jojo/pico-sdk/src/rp2_common/hardware_claim/claim.c.obj
                0x10001158                hw_claim_or_assert
 .text.hw_claim_unused_from_range
                0x1000118a       0x50 CMakeFiles/16next.dir/Users/jojo/pico-sdk/src/rp2_common/hardware_claim/claim.c.obj
                0x1000118a                hw_claim_unused_from_range
 *fill*         0x100011da        0x2 
 .text.spin_locks_reset
                0x100011dc       0x20 CMakeFiles/16next.dir/Users/jojo/pico-sdk/src/rp2_common/hardware_sync/sync.c.obj
                0x100011dc                spin_locks_reset
 .text.next_striped_spin_lock_num
                0x100011fc       0x1c CMakeFiles/16next.dir/Users/jojo/pico-sdk/src/rp2_common/hardware_sync/sync.c.obj
                0x100011fc                next_striped_spin_lock_num
 .text.spin_lock_claim_unused
                0x10001218       0x24 CMakeFiles/16next.dir/Users/jojo/pico-sdk/src/rp2_common/hardware_sync/sync.c.obj
                0x10001218                spin_lock_claim_unused
 .text.set_raw_irq_handler_and_unlock
                0x1000123c       0x28 CMakeFiles/16next.dir/Users/jojo/pico-sdk/src/rp2_common/hardware_irq/irq.c.obj
 .text.resolve_branch
                0x10001264       0x30 CMakeFiles/16next.dir/Users/jojo/pico-sdk/src/rp2_common/hardware_irq/irq.c.obj
 .text.make_branch
                0x10001294       0x48 CMakeFiles/16next.dir/Users/jojo/pico-sdk/src/rp2_common/hardware_irq/irq.c.obj
 .text.insert_branch_and_link
                0x100012dc       0x40 CMakeFiles/16next.dir/Users/jojo/pico-sdk/src/rp2_common/hardware_irq/irq.c.obj
 .text.irq_is_enabled
                0x1000131c       0x18 CMakeFiles/16next.dir/Users/jojo/pico-sdk/src/rp2_common/hardware_irq/irq.c.obj
                0x1000131c                irq_is_enabled
 .text.irq_set_mask_enabled
                0x10001334       0x20 CMakeFiles/16next.dir/Users/jojo/pico-sdk/src/rp2_common/hardware_irq/irq.c.obj
                0x10001334                irq_set_mask_enabled
 .text.irq_set_enabled
                0x10001354        0xe CMakeFiles/16next.dir/Users/jojo/pico-sdk/src/rp2_common/hardware_irq/irq.c.obj
                0x10001354                irq_set_enabled
 *fill*         0x10001362        0x2 
 .text.irq_get_vtable_handler
                0x10001364       0x10 CMakeFiles/16next.dir/Users/jojo/pico-sdk/src/rp2_common/hardware_irq/irq.c.obj
                0x10001364                irq_get_vtable_handler
 .text.irq_set_exclusive_handler
                0x10001374       0x54 CMakeFiles/16next.dir/Users/jojo/pico-sdk/src/rp2_common/hardware_irq/irq.c.obj
                0x10001374                irq_set_exclusive_handler
 .text.irq_add_shared_handler
                0x100013c8      0x210 CMakeFiles/16next.dir/Users/jojo/pico-sdk/src/rp2_common/hardware_irq/irq.c.obj
                0x100013c8                irq_add_shared_handler
 .text.irq_remove_handler
                0x100015d8      0x188 CMakeFiles/16next.dir/Users/jojo/pico-sdk/src/rp2_common/hardware_irq/irq.c.obj
                0x100015d8                irq_remove_handler
 .text.irq_add_tail_to_free_list
                0x10001760       0xf0 CMakeFiles/16next.dir/Users/jojo/pico-sdk/src/rp2_common/hardware_irq/irq.c.obj
                0x10001760                irq_add_tail_to_free_list
 .text.irq_init_priorities
                0x10001850       0x1c CMakeFiles/16next.dir/Users/jojo/pico-sdk/src/rp2_common/hardware_irq/irq.c.obj
                0x10001850                irq_init_priorities
 .text.lock_init
                0x1000186c       0x10 CMakeFiles/16next.dir/Users/jojo/pico-sdk/src/common/pico_sync/lock_core.c.obj
                0x1000186c                lock_init
 .text.update_us_since_boot
                0x1000187c       0x24 CMakeFiles/16next.dir/Users/jojo/pico-sdk/src/common/pico_sync/mutex.c.obj
 .text.delayed_by_ms
                0x100018a0       0x44 CMakeFiles/16next.dir/Users/jojo/pico-sdk/src/common/pico_sync/mutex.c.obj
 .text.get_absolute_time
                0x100018e4       0x22 CMakeFiles/16next.dir/Users/jojo/pico-sdk/src/common/pico_sync/mutex.c.obj
 .text.make_timeout_time_ms
                0x10001906       0x20 CMakeFiles/16next.dir/Users/jojo/pico-sdk/src/common/pico_sync/mutex.c.obj
 .text.mutex_init
                0x10001926       0x1a CMakeFiles/16next.dir/Users/jojo/pico-sdk/src/common/pico_sync/mutex.c.obj
                0x10001926                mutex_init
 .text.recursive_mutex_init
                0x10001940       0x1e CMakeFiles/16next.dir/Users/jojo/pico-sdk/src/common/pico_sync/mutex.c.obj
                0x10001940                recursive_mutex_init
 *fill*         0x1000195e        0x2 
 .text.critical_section_init_with_lock_num
                0x10001960       0x14 CMakeFiles/16next.dir/Users/jojo/pico-sdk/src/common/pico_sync/critical_section.c.obj
                0x10001960                critical_section_init_with_lock_num
 .text.critical_section_init
                0x10001974       0x14 CMakeFiles/16next.dir/Users/jojo/pico-sdk/src/common/pico_sync/critical_section.c.obj
                0x10001974                critical_section_init
 .text.time_reached
                0x10001988       0x28 CMakeFiles/16next.dir/Users/jojo/pico-sdk/src/common/pico_time/time.c.obj
 .text.get_entry
                0x100019b0       0x38 CMakeFiles/16next.dir/Users/jojo/pico-sdk/src/common/pico_time/time.c.obj
 .text.timer_pool_entry_comparator
                0x100019e8       0x2e CMakeFiles/16next.dir/Users/jojo/pico-sdk/src/common/pico_time/time.c.obj
                0x100019e8                timer_pool_entry_comparator
 *fill*         0x10001a16        0x2 
 .text.update_us_since_boot
                0x10001a18       0x24 CMakeFiles/16next.dir/Users/jojo/pico-sdk/src/common/pico_time/time.c.obj
 .text.delayed_by_us
                0x10001a3c       0x34 CMakeFiles/16next.dir/Users/jojo/pico-sdk/src/common/pico_time/time.c.obj
 .text.ph_get_node
                0x10001a70       0x30 CMakeFiles/16next.dir/Users/jojo/pico-sdk/src/common/pico_time/time.c.obj
 .text.ph_contains_node
                0x10001aa0       0x1e CMakeFiles/16next.dir/Users/jojo/pico-sdk/src/common/pico_time/time.c.obj
 .text.ph_new_node
                0x10001abe       0x28 CMakeFiles/16next.dir/Users/jojo/pico-sdk/src/common/pico_time/time.c.obj
 *fill*         0x10001ae6        0x2 
 .text.ph_add_child_node
                0x10001ae8       0x6c CMakeFiles/16next.dir/Users/jojo/pico-sdk/src/common/pico_time/time.c.obj
 .text.ph_merge_nodes
                0x10001b54       0x3e CMakeFiles/16next.dir/Users/jojo/pico-sdk/src/common/pico_time/time.c.obj
 *fill*         0x10001b92        0x2 
 .text.ph_insert_node
                0x10001b94       0x3c CMakeFiles/16next.dir/Users/jojo/pico-sdk/src/common/pico_time/time.c.obj
 .text.ph_free_node
                0x10001bd0       0x5c CMakeFiles/16next.dir/Users/jojo/pico-sdk/src/common/pico_time/time.c.obj
 .text.get_entry_id_high
                0x10001c2c       0x30 CMakeFiles/16next.dir/Users/jojo/pico-sdk/src/common/pico_time/time.c.obj
 .text.alarm_pool_post_alloc_init
                0x10001c5c       0x40 CMakeFiles/16next.dir/Users/jojo/pico-sdk/src/common/pico_time/time.c.obj
 .text.sleep_until_callback
                0x10001c9c       0x30 CMakeFiles/16next.dir/Users/jojo/pico-sdk/src/common/pico_time/time.c.obj
 .text.get_absolute_time
                0x10001ccc       0x22 CMakeFiles/16next.dir/Users/jojo/pico-sdk/src/common/pico_time/time.c.obj
 .text.make_timeout_time_us
                0x10001cee       0x24 CMakeFiles/16next.dir/Users/jojo/pico-sdk/src/common/pico_time/time.c.obj
 *fill*         0x10001d12        0x2 
 .text.add_alarm_under_lock
                0x10001d14       0x94 CMakeFiles/16next.dir/Users/jojo/pico-sdk/src/common/pico_time/time.c.obj
 .text.alarm_pool_alarm_callback
                0x10001da8      0x210 CMakeFiles/16next.dir/Users/jojo/pico-sdk/src/common/pico_time/time.c.obj
 .text.alarm_pool_init_default
                0x10001fb8       0x40 CMakeFiles/16next.dir/Users/jojo/pico-sdk/src/common/pico_time/time.c.obj
                0x10001fb8                alarm_pool_init_default
 .text.alarm_pool_get_default
                0x10001ff8       0x2c CMakeFiles/16next.dir/Users/jojo/pico-sdk/src/common/pico_time/time.c.obj
                0x10001ff8                alarm_pool_get_default
 .text.alarm_pool_add_alarm_at
                0x10002024      0x10e CMakeFiles/16next.dir/Users/jojo/pico-sdk/src/common/pico_time/time.c.obj
                0x10002024                alarm_pool_add_alarm_at
 .text.add_alarm_at
                0x10002132       0x2e CMakeFiles/16next.dir/Users/jojo/pico-sdk/src/common/pico_time/time.c.obj
 .text.alarm_pool_cancel_alarm
                0x10002160       0xa8 CMakeFiles/16next.dir/Users/jojo/pico-sdk/src/common/pico_time/time.c.obj
                0x10002160                alarm_pool_cancel_alarm
 .text.cancel_alarm
                0x10002208       0x10 CMakeFiles/16next.dir/Users/jojo/pico-sdk/src/common/pico_time/time.c.obj
 .text.sleep_until
                0x10002218       0xb0 CMakeFiles/16next.dir/Users/jojo/pico-sdk/src/common/pico_time/time.c.obj
                0x10002218                sleep_until
 .text.sleep_us
                0x100022c8       0x1a CMakeFiles/16next.dir/Users/jojo/pico-sdk/src/common/pico_time/time.c.obj
                0x100022c8                sleep_us
 .text.sleep_ms
                0x100022e2       0x14 CMakeFiles/16next.dir/Users/jojo/pico-sdk/src/common/pico_time/time.c.obj
                0x100022e2                sleep_ms
 *fill*         0x100022f6        0x2 
 .text.best_effort_wfe_or_timeout
                0x100022f8       0x44 CMakeFiles/16next.dir/Users/jojo/pico-sdk/src/common/pico_time/time.c.obj
                0x100022f8                best_effort_wfe_or_timeout
 .text.update_us_since_boot
                0x1000233c       0x24 CMakeFiles/16next.dir/Users/jojo/pico-sdk/src/rp2_common/hardware_timer/timer.c.obj
 .text.hardware_alarm_irq_handler
                0x10002360       0x8c CMakeFiles/16next.dir/Users/jojo/pico-sdk/src/rp2_common/hardware_timer/timer.c.obj
 .text.hardware_alarm_claim
                0x100023ec       0x18 CMakeFiles/16next.dir/Users/jojo/pico-sdk/src/rp2_common/hardware_timer/timer.c.obj
                0x100023ec                hardware_alarm_claim
 .text.time_us_64
                0x10002404       0x18 CMakeFiles/16next.dir/Users/jojo/pico-sdk/src/rp2_common/hardware_timer/timer.c.obj
                0x10002404                time_us_64
 .text.busy_wait_until
                0x1000241c       0x28 CMakeFiles/16next.dir/Users/jojo/pico-sdk/src/rp2_common/hardware_timer/timer.c.obj
                0x1000241c                busy_wait_until
 .text.busy_wait_us
                0x10002444       0x3a CMakeFiles/16next.dir/Users/jojo/pico-sdk/src/rp2_common/hardware_timer/timer.c.obj
                0x10002444                busy_wait_us
 *fill*         0x1000247e        0x2 
 .text.hardware_alarm_set_callback
                0x10002480       0x90 CMakeFiles/16next.dir/Users/jojo/pico-sdk/src/rp2_common/hardware_timer/timer.c.obj
                0x10002480                hardware_alarm_set_callback
 .text.hardware_alarm_set_target
                0x10002510       0xe8 CMakeFiles/16next.dir/Users/jojo/pico-sdk/src/rp2_common/hardware_timer/timer.c.obj
                0x10002510                hardware_alarm_set_target
 .text.hardware_alarm_cancel
                0x100025f8       0x40 CMakeFiles/16next.dir/Users/jojo/pico-sdk/src/rp2_common/hardware_timer/timer.c.obj
                0x100025f8                hardware_alarm_cancel
 .text.ph_get_node
                0x10002638       0x30 CMakeFiles/16next.dir/Users/jojo/pico-sdk/src/common/pico_util/pheap.c.obj
 .text.ph_add_child_node
                0x10002668       0x6c CMakeFiles/16next.dir/Users/jojo/pico-sdk/src/common/pico_util/pheap.c.obj
 .text.ph_merge_nodes
                0x100026d4       0x3e CMakeFiles/16next.dir/Users/jojo/pico-sdk/src/common/pico_util/pheap.c.obj
 .text.ph_clear
                0x10002712       0x34 CMakeFiles/16next.dir/Users/jojo/pico-sdk/src/common/pico_util/pheap.c.obj
                0x10002712                ph_clear
 .text.ph_post_alloc_init
                0x10002746        0xe CMakeFiles/16next.dir/Users/jojo/pico-sdk/src/common/pico_util/pheap.c.obj
                0x10002746                ph_post_alloc_init
 .text.ph_merge_two_pass
                0x10002754       0x5c CMakeFiles/16next.dir/Users/jojo/pico-sdk/src/common/pico_util/pheap.c.obj
                0x10002754                ph_merge_two_pass
 .text.ph_remove_any_head
                0x100027b0       0xc0 CMakeFiles/16next.dir/Users/jojo/pico-sdk/src/common/pico_util/pheap.c.obj
 .text.ph_remove_head
                0x10002870       0x14 CMakeFiles/16next.dir/Users/jojo/pico-sdk/src/common/pico_util/pheap.c.obj
                0x10002870                ph_remove_head
 .text.ph_remove_and_free_node
                0x10002884       0xa0 CMakeFiles/16next.dir/Users/jojo/pico-sdk/src/common/pico_util/pheap.c.obj
                0x10002884                ph_remove_and_free_node
 .text.uart_disable_before_lcr_write
                0x10002924       0x48 CMakeFiles/16next.dir/Users/jojo/pico-sdk/src/rp2_common/hardware_uart/uart.c.obj
 .text.uart_write_lcr_bits_masked
                0x1000296c       0x22 CMakeFiles/16next.dir/Users/jojo/pico-sdk/src/rp2_common/hardware_uart/uart.c.obj
 *fill*         0x1000298e        0x2 
 .text.uart_set_baudrate
                0x10002990       0x5c CMakeFiles/16next.dir/Users/jojo/pico-sdk/src/rp2_common/hardware_uart/uart.c.obj
                0x10002990                uart_set_baudrate
 .text.uart_set_format
                0x100029ec       0x2c CMakeFiles/16next.dir/Users/jojo/pico-sdk/src/rp2_common/hardware_uart/uart.c.obj
                0x100029ec                uart_set_format
 .text.uart_set_fifo_enabled
                0x10002a18       0x10 CMakeFiles/16next.dir/Users/jojo/pico-sdk/src/rp2_common/hardware_uart/uart.c.obj
                0x10002a18                uart_set_fifo_enabled
 .text.uart_set_translate_crlf
                0x10002a28       0x28 CMakeFiles/16next.dir/Users/jojo/pico-sdk/src/rp2_common/hardware_uart/uart.c.obj
                0x10002a28                uart_set_translate_crlf
 .text.uart_init
                0x10002a50       0x80 CMakeFiles/16next.dir/Users/jojo/pico-sdk/src/rp2_common/hardware_uart/uart.c.obj
                0x10002a50                uart_init
 .text.clock_configure
                0x10002ad0      0x108 CMakeFiles/16next.dir/Users/jojo/pico-sdk/src/rp2_common/hardware_clocks/clocks.c.obj
                0x10002ad0                clock_configure
 .text.clocks_init
                0x10002bd8      0x100 CMakeFiles/16next.dir/Users/jojo/pico-sdk/src/rp2_common/hardware_clocks/clocks.c.obj
                0x10002bd8                clocks_init
 .text.clock_get_hz
                0x10002cd8        0xc CMakeFiles/16next.dir/Users/jojo/pico-sdk/src/rp2_common/hardware_clocks/clocks.c.obj
                0x10002cd8                clock_get_hz
 .text.pll_init
                0x10002ce4      0x120 CMakeFiles/16next.dir/Users/jojo/pico-sdk/src/rp2_common/hardware_pll/pll.c.obj
                0x10002ce4                pll_init
 .text.watchdog_start_tick
                0x10002e04       0x10 CMakeFiles/16next.dir/Users/jojo/pico-sdk/src/rp2_common/hardware_watchdog/watchdog.c.obj
                0x10002e04                watchdog_start_tick
 .text.xosc_init
                0x10002e14       0x2c CMakeFiles/16next.dir/Users/jojo/pico-sdk/src/rp2_common/hardware_xosc/xosc.c.obj
                0x10002e14                xosc_init
 .text._exit    0x10002e40        0x4 CMakeFiles/16next.dir/Users/jojo/pico-sdk/src/rp2_common/pico_runtime/runtime.c.obj
                0x10002e40                _exit
 .text._sbrk    0x10002e44       0x38 CMakeFiles/16next.dir/Users/jojo/pico-sdk/src/rp2_common/pico_runtime/runtime.c.obj
                0x10002e44                _sbrk
 .text.exit     0x10002e7c        0x6 CMakeFiles/16next.dir/Users/jojo/pico-sdk/src/rp2_common/pico_runtime/runtime.c.obj
                0x10002e7c                exit
 *fill*         0x10002e82        0x2 
 .text.__assert_func
                0x10002e84       0x38 CMakeFiles/16next.dir/Users/jojo/pico-sdk/src/rp2_common/pico_runtime/runtime.c.obj
                0x10002e84                __assert_func
 .text.runtime_init
                0x10002ebc       0xf8 CMakeFiles/16next.dir/Users/jojo/pico-sdk/src/rp2_common/pico_runtime/runtime.c.obj
                0x10002ebc                runtime_init
 .text.panic    0x10002fb4       0x30 CMakeFiles/16next.dir/Users/jojo/pico-sdk/src/rp2_common/pico_runtime/runtime.c.obj
                0x10002fb4                panic
 .text._out_null
                0x10002fe4        0x2 CMakeFiles/16next.dir/Users/jojo/pico-sdk/src/rp2_common/pico_printf/printf.c.obj
 .text._out_fct
                0x10002fe6        0xe CMakeFiles/16next.dir/Users/jojo/pico-sdk/src/rp2_common/pico_printf/printf.c.obj
 .text._atoi    0x10002ff4       0x24 CMakeFiles/16next.dir/Users/jojo/pico-sdk/src/rp2_common/pico_printf/printf.c.obj
 .text._out_rev
                0x10003018       0xae CMakeFiles/16next.dir/Users/jojo/pico-sdk/src/rp2_common/pico_printf/printf.c.obj
 .text._ntoa_format
                0x100030c6      0x110 CMakeFiles/16next.dir/Users/jojo/pico-sdk/src/rp2_common/pico_printf/printf.c.obj
 .text._ntoa_long
                0x100031d6       0xbc CMakeFiles/16next.dir/Users/jojo/pico-sdk/src/rp2_common/pico_printf/printf.c.obj
 .text._ntoa_long_long
                0x10003292      0x10e CMakeFiles/16next.dir/Users/jojo/pico-sdk/src/rp2_common/pico_printf/printf.c.obj
 .text._etoa    0x100033a0      0x420 CMakeFiles/16next.dir/Users/jojo/pico-sdk/src/rp2_common/pico_printf/printf.c.obj
 .text._ftoa    0x100037c0      0x354 CMakeFiles/16next.dir/Users/jojo/pico-sdk/src/rp2_common/pico_printf/printf.c.obj
 .text._vsnprintf
                0x10003b14      0x668 CMakeFiles/16next.dir/Users/jojo/pico-sdk/src/rp2_common/pico_printf/printf.c.obj
 .text.vfctprintf
                0x1000417c       0x20 CMakeFiles/16next.dir/Users/jojo/pico-sdk/src/rp2_common/pico_printf/printf.c.obj
                0x1000417c                vfctprintf
 .text          0x1000419c       0x10 CMakeFiles/16next.dir/Users/jojo/pico-sdk/src/rp2_common/pico_bit_ops/bit_ops_aeabi.S.obj
 .text.rom_func_lookup
                0x100041ac       0x10 CMakeFiles/16next.dir/Users/jojo/pico-sdk/src/rp2_common/pico_bootrom/bootrom.c.obj
                0x100041ac                rom_func_lookup
 .text.rom_data_lookup
                0x100041bc       0x10 CMakeFiles/16next.dir/Users/jojo/pico-sdk/src/rp2_common/pico_bootrom/bootrom.c.obj
                0x100041bc                rom_data_lookup
 .text.rom_funcs_lookup
                0x100041cc       0x36 CMakeFiles/16next.dir/Users/jojo/pico-sdk/src/rp2_common/pico_bootrom/bootrom.c.obj
                0x100041cc                rom_funcs_lookup
 *fill*         0x10004202        0x2 
 .text.__wrap___aeabi_idiv
                0x10004204       0x50 CMakeFiles/16next.dir/Users/jojo/pico-sdk/src/rp2_common/pico_divider/divider.S.obj
                0x10004204                __wrap___aeabi_idivmod
                0x10004204                divmod_s32s32
                0x10004204                div_s32s32
                0x10004204                __wrap___aeabi_idiv
                0x1000420c                divmod_s32s32_unsafe
                0x10004238                divmod_s32s32_savestate
 .text.__wrap___aeabi_uidiv
                0x10004254       0x4c CMakeFiles/16next.dir/Users/jojo/pico-sdk/src/rp2_common/pico_divider/divider.S.obj
                0x10004254                __wrap___aeabi_uidiv
                0x10004254                __wrap___aeabi_uidivmod
                0x10004254                div_u32u32
                0x10004254                divmod_u32u32
                0x1000425c                divmod_u32u32_unsafe
                0x10004284                divmod_u32u32_savestate
 .text.__wrap___aeabi_ldiv
                0x100042a0      0x424 CMakeFiles/16next.dir/Users/jojo/pico-sdk/src/rp2_common/pico_divider/divider.S.obj
                0x100042a0                __wrap___aeabi_ldivmod
                0x100042a0                div_s64s64
                0x100042a0                divmod_s64s64
                0x100042d0                divmod_u64u64
                0x100042d0                div_u64u64
                0x100042d0                __wrap___aeabi_uldivmod
                0x100042e0                divmod_u64u64_savestate
                0x10004300                divmod_s64s64_unsafe
                0x10004388                divmod_u64u64_unsafe
 .text.__wrap___aeabi_darithmetic
                0x100046c4       0x80 CMakeFiles/16next.dir/Users/jojo/pico-sdk/src/rp2_common/pico_double/double_aeabi.S.obj
                0x100046c4                __wrap___aeabi_drsub
                0x100046ca                __wrap___aeabi_dsub
                0x100046dc                __wrap___aeabi_dadd
                0x100046ee                __wrap___aeabi_ddiv
                0x1000472a                __wrap___aeabi_dmul
 .text.__wrap___aeabi_cdcmple
                0x10004744       0x6c CMakeFiles/16next.dir/Users/jojo/pico-sdk/src/rp2_common/pico_double/double_aeabi.S.obj
                0x10004744                __wrap___aeabi_cdrcmple
                0x10004754                __wrap___aeabi_cdcmple
                0x10004754                __wrap___aeabi_cdcmpeq
 .text.__wrap___aeabi_dcmplt
                0x100047b0        0xc CMakeFiles/16next.dir/Users/jojo/pico-sdk/src/rp2_common/pico_double/double_aeabi.S.obj
                0x100047b0                __wrap___aeabi_dcmplt
 .text.__wrap___aeabi_dcmple
                0x100047bc       0x10 CMakeFiles/16next.dir/Users/jojo/pico-sdk/src/rp2_common/pico_double/double_aeabi.S.obj
                0x100047bc                __wrap___aeabi_dcmple
 .text.__wrap___aeabi_dcmpge
                0x100047cc       0x10 CMakeFiles/16next.dir/Users/jojo/pico-sdk/src/rp2_common/pico_double/double_aeabi.S.obj
                0x100047cc                __wrap___aeabi_dcmpge
 .text.__wrap___aeabi_dcmpgt
                0x100047dc        0xa CMakeFiles/16next.dir/Users/jojo/pico-sdk/src/rp2_common/pico_double/double_aeabi.S.obj
                0x100047dc                __wrap___aeabi_dcmpgt
 .text.__wrap___aeabi_dcmpun
                0x100047e6       0x1c CMakeFiles/16next.dir/Users/jojo/pico-sdk/src/rp2_common/pico_double/double_aeabi.S.obj
                0x100047e6                __wrap___aeabi_dcmpun
 *fill*         0x10004802        0x2 
 .text.__wrap___aeabi_i2d
                0x10004804       0x38 CMakeFiles/16next.dir/Users/jojo/pico-sdk/src/rp2_common/pico_double/double_aeabi.S.obj
                0x10004804                __wrap___aeabi_ui2d
                0x1000480c                __wrap___aeabi_i2d
 .text.__wrap___aeabi_d2iz
                0x1000483c       0x48 CMakeFiles/16next.dir/Users/jojo/pico-sdk/src/rp2_common/pico_double/double_aeabi.S.obj
                0x1000483c                __wrap___aeabi_d2iz
                0x1000483c                double2int_z
 .text.__wrap___aeabi_d2uiz
                0x10004884       0x18 CMakeFiles/16next.dir/Users/jojo/pico-sdk/src/rp2_common/pico_double/double_aeabi.S.obj
                0x10004884                double2uint
                0x10004884                __wrap___aeabi_d2uiz
 .text.__wrap___aeabi_d2f
                0x1000489c       0x18 CMakeFiles/16next.dir/Users/jojo/pico-sdk/src/rp2_common/pico_double/double_aeabi.S.obj
                0x1000489c                __wrap___aeabi_d2f
 .text.__aeabi_double_init
                0x100048b4       0xcc CMakeFiles/16next.dir/Users/jojo/pico-sdk/src/rp2_common/pico_double/double_init_rom.c.obj
                0x100048b4                __aeabi_double_init
 .text.double_table_shim_on_use_helper
                0x10004980       0x34 CMakeFiles/16next.dir/Users/jojo/pico-sdk/src/rp2_common/pico_double/double_v1_rom_shim.S.obj
                0x10004980                double_table_shim_on_use_helper
 .text.__wrap___aeabi_dsub
                0x100049b4       0x10 CMakeFiles/16next.dir/Users/jojo/pico-sdk/src/rp2_common/pico_double/double_v1_rom_shim.S.obj
                0x100049b4                drsub_shim
                0x100049ba                dsub_shim
 .text.dadd_shim
                0x100049c4      0x15c CMakeFiles/16next.dir/Users/jojo/pico-sdk/src/rp2_common/pico_double/double_v1_rom_shim.S.obj
                0x100049c4                dadd_shim
 .text.dmul_shim
                0x10004b20      0x15c CMakeFiles/16next.dir/Users/jojo/pico-sdk/src/rp2_common/pico_double/double_v1_rom_shim.S.obj
                0x10004b20                dmul_shim
 .text.ddiv_shim
                0x10004c7c      0x1b0 CMakeFiles/16next.dir/Users/jojo/pico-sdk/src/rp2_common/pico_double/double_v1_rom_shim.S.obj
                0x10004c7c                ddiv_shim
 .text.double2uint_shim
                0x10004e2c        0xe CMakeFiles/16next.dir/Users/jojo/pico-sdk/src/rp2_common/pico_double/double_v1_rom_shim.S.obj
                0x10004e2c                double2uint_shim
                0x10004e2e                double2ufix_shim
 *fill*         0x10004e3a        0x2 
 .text.double2uint64_shim
                0x10004e3c       0x70 CMakeFiles/16next.dir/Users/jojo/pico-sdk/src/rp2_common/pico_double/double_v1_rom_shim.S.obj
                0x10004e3c                double2uint64_shim
                0x10004e3e                double2ufix64_shim
                0x10004e5e                d2fix_a
 .text.double2float_shim
                0x10004eac       0x5c CMakeFiles/16next.dir/Users/jojo/pico-sdk/src/rp2_common/pico_double/double_v1_rom_shim.S.obj
                0x10004eac                double2float_shim
 .text.dunpacks
                0x10004f08       0x3c CMakeFiles/16next.dir/Users/jojo/pico-sdk/src/rp2_common/pico_double/double_v1_rom_shim.S.obj
                0x10004f08                dunpacks
 .text.__aeabi_lmul
                0x10004f44       0x32 CMakeFiles/16next.dir/Users/jojo/pico-sdk/src/rp2_common/pico_int64_ops/pico_int64_ops_aeabi.S.obj
                0x10004f44                __wrap___aeabi_lmul
 *fill*         0x10004f76        0x2 
 .text.__wrap___aeabi_farithmetic
                0x10004f78       0x58 CMakeFiles/16next.dir/Users/jojo/pico-sdk/src/rp2_common/pico_float/float_aeabi.S.obj
                0x10004f78                __wrap___aeabi_frsub
                0x10004f7e                __wrap___aeabi_fsub
                0x10004f88                __wrap___aeabi_fadd
                0x10004f92                __wrap___aeabi_fdiv
                0x10004fbe                __wrap___aeabi_fmul
 .text.__wrap___aeabi_cfcmple
                0x10004fd0       0x50 CMakeFiles/16next.dir/Users/jojo/pico-sdk/src/rp2_common/pico_float/float_aeabi.S.obj
                0x10004fd0                __wrap___aeabi_cfrcmple
                0x10004fdc                __wrap___aeabi_cfcmpeq
                0x10004fdc                __wrap___aeabi_cfcmple
 .text.__wrap___aeabi_fcmplt
                0x10005020        0xc CMakeFiles/16next.dir/Users/jojo/pico-sdk/src/rp2_common/pico_float/float_aeabi.S.obj
                0x10005020                __wrap___aeabi_fcmplt
 .text.__wrap___aeabi_fcmpgt
                0x1000502c        0xa CMakeFiles/16next.dir/Users/jojo/pico-sdk/src/rp2_common/pico_float/float_aeabi.S.obj
                0x1000502c                __wrap___aeabi_fcmpgt
 .text.__wrap___aeabi_ui2f
                0x10005036        0xa CMakeFiles/16next.dir/Users/jojo/pico-sdk/src/rp2_common/pico_float/float_aeabi.S.obj
                0x10005036                __wrap___aeabi_ui2f
 .text.__wrap___aeabi_i2f
                0x10005040       0x44 CMakeFiles/16next.dir/Users/jojo/pico-sdk/src/rp2_common/pico_float/float_aeabi.S.obj
                0x10005040                __wrap___aeabi_i2f
 .text.__wrap___aeabi_f2iz
                0x10005084       0x4e CMakeFiles/16next.dir/Users/jojo/pico-sdk/src/rp2_common/pico_float/float_aeabi.S.obj
                0x10005084                __wrap___aeabi_f2iz
                0x10005084                float2int_z
 *fill*         0x100050d2        0x2 
 .text.float2int
                0x100050d4       0x14 CMakeFiles/16next.dir/Users/jojo/pico-sdk/src/rp2_common/pico_float/float_aeabi.S.obj
                0x100050d4                float2int
 .text.__wrap___aeabi_f2uiz
                0x100050e8       0x10 CMakeFiles/16next.dir/Users/jojo/pico-sdk/src/rp2_common/pico_float/float_aeabi.S.obj
                0x100050e8                __wrap___aeabi_f2uiz
 .text.__wrap___aeabi_f2d
                0x100050f8       0x14 CMakeFiles/16next.dir/Users/jojo/pico-sdk/src/rp2_common/pico_float/float_aeabi.S.obj
                0x100050f8                __wrap___aeabi_f2d
 .text.__aeabi_float_init
                0x1000510c       0xfc CMakeFiles/16next.dir/Users/jojo/pico-sdk/src/rp2_common/pico_float/float_init_rom.c.obj
                0x1000510c                __aeabi_float_init
 .text.float_table_shim_on_use_helper
                0x10005208       0x34 CMakeFiles/16next.dir/Users/jojo/pico-sdk/src/rp2_common/pico_float/float_v1_rom_shim.S.obj
                0x10005208                float_table_shim_on_use_helper
 .text.float232_shims
                0x1000523c       0x18 CMakeFiles/16next.dir/Users/jojo/pico-sdk/src/rp2_common/pico_float/float_v1_rom_shim.S.obj
                0x1000523c                float2int_shim
                0x1000523e                float2fix_shim
 .text.float2double_shim
                0x10005254       0x30 CMakeFiles/16next.dir/Users/jojo/pico-sdk/src/rp2_common/pico_float/float_v1_rom_shim.S.obj
                0x10005254                float2double_shim
 .text.check_alloc
                0x10005284       0x20 CMakeFiles/16next.dir/Users/jojo/pico-sdk/src/rp2_common/pico_malloc/pico_malloc.c.obj
 .text.__wrap_malloc
                0x100052a4       0x14 CMakeFiles/16next.dir/Users/jojo/pico-sdk/src/rp2_common/pico_malloc/pico_malloc.c.obj
                0x100052a4                __wrap_malloc
 .text          0x100052b8       0x10 CMakeFiles/16next.dir/Users/jojo/pico-sdk/src/rp2_common/pico_mem_ops/mem_ops_aeabi.S.obj
                0x100052b8                __aeabi_mem_init
 .text.memset   0x100052c8        0xc CMakeFiles/16next.dir/Users/jojo/pico-sdk/src/rp2_common/pico_mem_ops/mem_ops_aeabi.S.obj
                0x100052c8                __wrap_memset
 .text.memcpy   0x100052d4        0xc CMakeFiles/16next.dir/Users/jojo/pico-sdk/src/rp2_common/pico_mem_ops/mem_ops_aeabi.S.obj
                0x100052d4                __wrap___aeabi_memcpy
                0x100052d4                __wrap_memcpy
 .text._Znwj    0x100052e0        0x8 CMakeFiles/16next.dir/Users/jojo/pico-sdk/src/rp2_common/pico_standard_link/new_delete.cpp.obj
                0x100052e0                operator new(unsigned int)
 .text.stdio_out_chars_no_crlf
                0x100052e8        0xe CMakeFiles/16next.dir/Users/jojo/pico-sdk/src/rp2_common/pico_stdio/stdio.c.obj
 *fill*         0x100052f6        0x2 
 .text.stdio_out_chars_crlf
                0x100052f8       0x80 CMakeFiles/16next.dir/Users/jojo/pico-sdk/src/rp2_common/pico_stdio/stdio.c.obj
 .text.stdio_stack_buffer_flush
                0x10005378       0x44 CMakeFiles/16next.dir/Users/jojo/pico-sdk/src/rp2_common/pico_stdio/stdio.c.obj
 .text.stdio_buffered_printer
                0x100053bc       0x20 CMakeFiles/16next.dir/Users/jojo/pico-sdk/src/rp2_common/pico_stdio/stdio.c.obj
 .text.update_us_since_boot
                0x100053dc       0x24 CMakeFiles/16next.dir/Users/jojo/pico-sdk/src/rp2_common/pico_stdio/stdio.c.obj
 .text.get_absolute_time
                0x10005400       0x22 CMakeFiles/16next.dir/Users/jojo/pico-sdk/src/rp2_common/pico_stdio/stdio.c.obj
 *fill*         0x10005422        0x2 
 .text.delayed_by_ms
                0x10005424       0x44 CMakeFiles/16next.dir/Users/jojo/pico-sdk/src/rp2_common/pico_stdio/stdio.c.obj
 .text.make_timeout_time_ms
                0x10005468       0x20 CMakeFiles/16next.dir/Users/jojo/pico-sdk/src/rp2_common/pico_stdio/stdio.c.obj
 .text.stdout_serialize_begin
                0x10005488       0x20 CMakeFiles/16next.dir/Users/jojo/pico-sdk/src/rp2_common/pico_stdio/stdio.c.obj
                0x10005488                stdout_serialize_begin
 .text.stdout_serialize_end
                0x100054a8       0x10 CMakeFiles/16next.dir/Users/jojo/pico-sdk/src/rp2_common/pico_stdio/stdio.c.obj
                0x100054a8                stdout_serialize_end
 .text.stdio_put_string
                0x100054b8       0x98 CMakeFiles/16next.dir/Users/jojo/pico-sdk/src/rp2_common/pico_stdio/stdio.c.obj
 .text.stdio_set_driver_enabled
                0x10005550       0x2c CMakeFiles/16next.dir/Users/jojo/pico-sdk/src/rp2_common/pico_stdio/stdio.c.obj
                0x10005550                stdio_set_driver_enabled
 .text.stdio_flush
                0x1000557c       0x20 CMakeFiles/16next.dir/Users/jojo/pico-sdk/src/rp2_common/pico_stdio/stdio.c.obj
                0x1000557c                stdio_flush
 .text.__wrap_puts
                0x1000559c       0x1e CMakeFiles/16next.dir/Users/jojo/pico-sdk/src/rp2_common/pico_stdio/stdio.c.obj
                0x1000559c                __wrap_puts
 *fill*         0x100055ba        0x2 
 .text.__wrap_vprintf
                0x100055bc       0x40 CMakeFiles/16next.dir/Users/jojo/pico-sdk/src/rp2_common/pico_stdio/stdio.c.obj
                0x100055bc                __wrap_vprintf
 .text.__wrap_printf
                0x100055fc       0x18 CMakeFiles/16next.dir/Users/jojo/pico-sdk/src/rp2_common/pico_stdio/stdio.c.obj
                0x100055fc                __wrap_printf
 .text.stdio_init_all
                0x10005614        0xa CMakeFiles/16next.dir/Users/jojo/pico-sdk/src/rp2_common/pico_stdio/stdio.c.obj
                0x10005614                stdio_init_all
 *fill*         0x1000561e        0x2 
 .text.uart_putc
                0x10005620       0x60 CMakeFiles/16next.dir/Users/jojo/pico-sdk/src/rp2_common/pico_stdio_uart/stdio_uart.c.obj
 .text.uart_getc
                0x10005680       0x24 CMakeFiles/16next.dir/Users/jojo/pico-sdk/src/rp2_common/pico_stdio_uart/stdio_uart.c.obj
 .text.stdio_uart_out_chars
                0x100056a4       0x20 CMakeFiles/16next.dir/Users/jojo/pico-sdk/src/rp2_common/pico_stdio_uart/stdio_uart.c.obj
 .text.stdio_uart_in_chars
                0x100056c4       0x5c CMakeFiles/16next.dir/Users/jojo/pico-sdk/src/rp2_common/pico_stdio_uart/stdio_uart.c.obj
                0x100056c4                stdio_uart_in_chars
 .text.on_uart_rx
                0x10005720       0x28 CMakeFiles/16next.dir/Users/jojo/pico-sdk/src/rp2_common/pico_stdio_uart/stdio_uart.c.obj
 .text.stdio_uart_set_chars_available_callback
                0x10005748       0x8c CMakeFiles/16next.dir/Users/jojo/pico-sdk/src/rp2_common/pico_stdio_uart/stdio_uart.c.obj
 .text.stdio_uart_init_full
                0x100057d4       0x44 CMakeFiles/16next.dir/Users/jojo/pico-sdk/src/rp2_common/pico_stdio_uart/stdio_uart.c.obj
                0x100057d4                stdio_uart_init_full
 .text.stdio_uart_init
                0x10005818       0x28 CMakeFiles/16next.dir/Users/jojo/pico-sdk/src/rp2_common/pico_stdio_uart/stdio_uart.c.obj
                0x10005818                stdio_uart_init
 .text._retrieve_unique_id_on_boot
                0x10005840       0x10 CMakeFiles/16next.dir/Users/jojo/pico-sdk/src/rp2_common/pico_unique_id/unique_id.c.obj
 .text.pico_get_unique_board_id_string
                0x10005850       0x5c CMakeFiles/16next.dir/Users/jojo/pico-sdk/src/rp2_common/pico_unique_id/unique_id.c.obj
                0x10005850                pico_get_unique_board_id_string
 .text.flash_get_unique_id
                0x100058ac       0x40 CMakeFiles/16next.dir/Users/jojo/pico-sdk/src/rp2_common/hardware_flash/flash.c.obj
                0x100058ac                flash_get_unique_id
 .text.adc_init
                0x100058ec       0x34 CMakeFiles/16next.dir/Users/jojo/pico-sdk/src/rp2_common/hardware_adc/adc.c.obj
                0x100058ec                adc_init
 .text.on_midi_uart_irq
                0x10005920       0x60 CMakeFiles/16next.dir/lib/midi_uart_lib/midi_uart_lib.c.obj
 .text.on_midi_uart0_irq
                0x10005980       0x10 CMakeFiles/16next.dir/lib/midi_uart_lib/midi_uart_lib.c.obj
 .text.on_midi_uart1_irq
                0x10005990       0x10 CMakeFiles/16next.dir/lib/midi_uart_lib/midi_uart_lib.c.obj
 .text.midi_uart_configure
                0x100059a0       0xec CMakeFiles/16next.dir/lib/midi_uart_lib/midi_uart_lib.c.obj
                0x100059a0                midi_uart_configure
 .text.midi_uart_write_tx_buffer
                0x10005a8c        0xa CMakeFiles/16next.dir/lib/midi_uart_lib/midi_uart_lib.c.obj
                0x10005a8c                midi_uart_write_tx_buffer
 *fill*         0x10005a96        0x2 
 .text.midi_uart_drain_tx_buffer
                0x10005a98       0x84 CMakeFiles/16next.dir/lib/midi_uart_lib/midi_uart_lib.c.obj
                0x10005a98                midi_uart_drain_tx_buffer
 .text.ring_buffer_push_core
                0x10005b1c       0x78 CMakeFiles/16next.dir/lib/midi_uart_lib/lib/ring_buffer_lib/ring_buffer_lib.c.obj
 .text.ring_buffer_pop_core
                0x10005b94       0x68 CMakeFiles/16next.dir/lib/midi_uart_lib/lib/ring_buffer_lib/ring_buffer_lib.c.obj
 .text.ring_buffer_init
                0x10005bfc       0x58 CMakeFiles/16next.dir/lib/midi_uart_lib/lib/ring_buffer_lib/ring_buffer_lib.c.obj
                0x10005bfc                ring_buffer_init
 .text.ring_buffer_push_unsafe
                0x10005c54        0x8 CMakeFiles/16next.dir/lib/midi_uart_lib/lib/ring_buffer_lib/ring_buffer_lib.c.obj
                0x10005c54                ring_buffer_push_unsafe
 .text.ring_buffer_push
                0x10005c5c       0x28 CMakeFiles/16next.dir/lib/midi_uart_lib/lib/ring_buffer_lib/ring_buffer_lib.c.obj
                0x10005c5c                ring_buffer_push
 .text.ring_buffer_get_num_bytes_unsafe
                0x10005c84       0x24 CMakeFiles/16next.dir/lib/midi_uart_lib/lib/ring_buffer_lib/ring_buffer_lib.c.obj
                0x10005c84                ring_buffer_get_num_bytes_unsafe
 .text.ring_buffer_is_empty_unsafe
                0x10005ca8        0xe CMakeFiles/16next.dir/lib/midi_uart_lib/lib/ring_buffer_lib/ring_buffer_lib.c.obj
                0x10005ca8                ring_buffer_is_empty_unsafe
 .text.ring_buffer_pop_unsafe
                0x10005cb6        0x8 CMakeFiles/16next.dir/lib/midi_uart_lib/lib/ring_buffer_lib/ring_buffer_lib.c.obj
                0x10005cb6                ring_buffer_pop_unsafe
 *fill*         0x10005cbe        0x2 
 .text.hw_endpoint_get_by_addr
                0x10005cc0       0x18 CMakeFiles/16next.dir/Users/jojo/pico-sdk/lib/tinyusb/src/portable/raspberrypi/rp2040/dcd_rp2040.c.obj
 .text._hw_endpoint_alloc
                0x10005cd8       0x70 CMakeFiles/16next.dir/Users/jojo/pico-sdk/lib/tinyusb/src/portable/raspberrypi/rp2040/dcd_rp2040.c.obj
 .text.hw_endpoint_init
                0x10005d48       0x88 CMakeFiles/16next.dir/Users/jojo/pico-sdk/lib/tinyusb/src/portable/raspberrypi/rp2040/dcd_rp2040.c.obj
 .text.dcd_event_sof
                0x10005dd0       0x2c CMakeFiles/16next.dir/Users/jojo/pico-sdk/lib/tinyusb/src/portable/raspberrypi/rp2040/dcd_rp2040.c.obj
 .text.hw_endpoint_xfer
                0x10005dfc       0x14 CMakeFiles/16next.dir/Users/jojo/pico-sdk/lib/tinyusb/src/portable/raspberrypi/rp2040/dcd_rp2040.c.obj
 .text.dcd_int_enable
                0x10005e10       0x2c CMakeFiles/16next.dir/Users/jojo/pico-sdk/lib/tinyusb/src/portable/raspberrypi/rp2040/dcd_rp2040.c.obj
                0x10005e10                dcd_int_enable
 .text.dcd_set_address
                0x10005e3c       0x2c CMakeFiles/16next.dir/Users/jojo/pico-sdk/lib/tinyusb/src/portable/raspberrypi/rp2040/dcd_rp2040.c.obj
                0x10005e3c                dcd_set_address
 .text.dcd_connect
                0x10005e68       0x10 CMakeFiles/16next.dir/Users/jojo/pico-sdk/lib/tinyusb/src/portable/raspberrypi/rp2040/dcd_rp2040.c.obj
                0x10005e68                dcd_connect
 .text.dcd_init
                0x10005e78       0x80 CMakeFiles/16next.dir/Users/jojo/pico-sdk/lib/tinyusb/src/portable/raspberrypi/rp2040/dcd_rp2040.c.obj
                0x10005e78                dcd_init
 .text.dcd_edpt0_status_complete
                0x10005ef8       0x1c CMakeFiles/16next.dir/Users/jojo/pico-sdk/lib/tinyusb/src/portable/raspberrypi/rp2040/dcd_rp2040.c.obj
                0x10005ef8                dcd_edpt0_status_complete
 .text.dcd_edpt_open
                0x10005f14       0x40 CMakeFiles/16next.dir/Users/jojo/pico-sdk/lib/tinyusb/src/portable/raspberrypi/rp2040/dcd_rp2040.c.obj
                0x10005f14                dcd_edpt_open
 .text.dcd_edpt_close_all
                0x10005f54        0x8 CMakeFiles/16next.dir/Users/jojo/pico-sdk/lib/tinyusb/src/portable/raspberrypi/rp2040/dcd_rp2040.c.obj
                0x10005f54                dcd_edpt_close_all
 .text.dcd_edpt_xfer
                0x10005f5c       0x34 CMakeFiles/16next.dir/Users/jojo/pico-sdk/lib/tinyusb/src/portable/raspberrypi/rp2040/dcd_rp2040.c.obj
                0x10005f5c                dcd_edpt_xfer
 .text.dcd_edpt_stall
                0x10005f90       0x2c CMakeFiles/16next.dir/Users/jojo/pico-sdk/lib/tinyusb/src/portable/raspberrypi/rp2040/dcd_rp2040.c.obj
                0x10005f90                dcd_edpt_stall
 .text.dcd_edpt_clear_stall
                0x10005fbc       0x20 CMakeFiles/16next.dir/Users/jojo/pico-sdk/lib/tinyusb/src/portable/raspberrypi/rp2040/dcd_rp2040.c.obj
                0x10005fbc                dcd_edpt_clear_stall
 .text.rp2040_usb_init
                0x10005fdc       0x4c CMakeFiles/16next.dir/Users/jojo/pico-sdk/lib/tinyusb/src/portable/raspberrypi/rp2040/rp2040_usb.c.obj
                0x10005fdc                rp2040_usb_init
 .text.hw_endpoint_xfer_start
                0x10006028       0x50 CMakeFiles/16next.dir/Users/jojo/pico-sdk/lib/tinyusb/src/portable/raspberrypi/rp2040/rp2040_usb.c.obj
                0x10006028                hw_endpoint_xfer_start
 .text.configuration_reset
                0x10006078       0x84 CMakeFiles/16next.dir/Users/jojo/pico-sdk/lib/tinyusb/src/device/usbd.c.obj
 .text.critical_section_enter_blocking
                0x100060fc       0x16 CMakeFiles/16next.dir/Users/jojo/pico-sdk/lib/tinyusb/src/device/usbd.c.obj
 .text.usbd_reset
                0x10006112        0xc CMakeFiles/16next.dir/Users/jojo/pico-sdk/lib/tinyusb/src/device/usbd.c.obj
 .text.invoke_class_control
                0x1000611e       0x1a CMakeFiles/16next.dir/Users/jojo/pico-sdk/lib/tinyusb/src/device/usbd.c.obj
 .text.process_set_config
                0x10006138      0x178 CMakeFiles/16next.dir/Users/jojo/pico-sdk/lib/tinyusb/src/device/usbd.c.obj
 .text.process_get_descriptor
                0x100062b0       0xdc CMakeFiles/16next.dir/Users/jojo/pico-sdk/lib/tinyusb/src/device/usbd.c.obj
 .text.tud_inited
                0x1000638c       0x14 CMakeFiles/16next.dir/Users/jojo/pico-sdk/lib/tinyusb/src/device/usbd.c.obj
                0x1000638c                tud_inited
 .text.tud_init
                0x100063a0       0xcc CMakeFiles/16next.dir/Users/jojo/pico-sdk/lib/tinyusb/src/device/usbd.c.obj
                0x100063a0                tud_init
 .text.usbd_edpt_open
                0x1000646c       0x34 CMakeFiles/16next.dir/Users/jojo/pico-sdk/lib/tinyusb/src/device/usbd.c.obj
                0x1000646c                usbd_edpt_open
 .text.usbd_edpt_claim
                0x100064a0       0x28 CMakeFiles/16next.dir/Users/jojo/pico-sdk/lib/tinyusb/src/device/usbd.c.obj
                0x100064a0                usbd_edpt_claim
 .text.usbd_edpt_release
                0x100064c8       0x28 CMakeFiles/16next.dir/Users/jojo/pico-sdk/lib/tinyusb/src/device/usbd.c.obj
                0x100064c8                usbd_edpt_release
 .text.usbd_edpt_xfer
                0x100064f0       0x78 CMakeFiles/16next.dir/Users/jojo/pico-sdk/lib/tinyusb/src/device/usbd.c.obj
                0x100064f0                usbd_edpt_xfer
 .text.usbd_edpt_stall
                0x10006568       0x48 CMakeFiles/16next.dir/Users/jojo/pico-sdk/lib/tinyusb/src/device/usbd.c.obj
                0x10006568                usbd_edpt_stall
 .text.usbd_edpt_clear_stall
                0x100065b0       0x48 CMakeFiles/16next.dir/Users/jojo/pico-sdk/lib/tinyusb/src/device/usbd.c.obj
                0x100065b0                usbd_edpt_clear_stall
 .text.usbd_edpt_stalled
                0x100065f8       0x1c CMakeFiles/16next.dir/Users/jojo/pico-sdk/lib/tinyusb/src/device/usbd.c.obj
                0x100065f8                usbd_edpt_stalled
 .text.process_control_request
                0x10006614      0x374 CMakeFiles/16next.dir/Users/jojo/pico-sdk/lib/tinyusb/src/device/usbd.c.obj
 .text.tud_task_ext
                0x10006988      0x1a8 CMakeFiles/16next.dir/Users/jojo/pico-sdk/lib/tinyusb/src/device/usbd.c.obj
                0x10006988                tud_task_ext
 .text._status_stage_xact
                0x10006b30       0x1a CMakeFiles/16next.dir/Users/jojo/pico-sdk/lib/tinyusb/src/device/usbd_control.c.obj
 *fill*         0x10006b4a        0x2 
 .text._data_stage_xact
                0x10006b4c       0x58 CMakeFiles/16next.dir/Users/jojo/pico-sdk/lib/tinyusb/src/device/usbd_control.c.obj
 .text.tud_control_status
                0x10006ba4       0x28 CMakeFiles/16next.dir/Users/jojo/pico-sdk/lib/tinyusb/src/device/usbd_control.c.obj
                0x10006ba4                tud_control_status
 .text.tud_control_xfer
                0x10006bcc       0x68 CMakeFiles/16next.dir/Users/jojo/pico-sdk/lib/tinyusb/src/device/usbd_control.c.obj
                0x10006bcc                tud_control_xfer
 .text.usbd_control_reset
                0x10006c34       0x14 CMakeFiles/16next.dir/Users/jojo/pico-sdk/lib/tinyusb/src/device/usbd_control.c.obj
                0x10006c34                usbd_control_reset
 .text.usbd_control_set_complete_callback
                0x10006c48        0xc CMakeFiles/16next.dir/Users/jojo/pico-sdk/lib/tinyusb/src/device/usbd_control.c.obj
                0x10006c48                usbd_control_set_complete_callback
 .text.usbd_control_set_request
                0x10006c54       0x1c CMakeFiles/16next.dir/Users/jojo/pico-sdk/lib/tinyusb/src/device/usbd_control.c.obj
                0x10006c54                usbd_control_set_request
 .text.usbd_control_xfer_cb
                0x10006c70       0xbc CMakeFiles/16next.dir/Users/jojo/pico-sdk/lib/tinyusb/src/device/usbd_control.c.obj
                0x10006c70                usbd_control_xfer_cb
 .text._prep_out_transaction
                0x10006d2c       0x46 CMakeFiles/16next.dir/Users/jojo/pico-sdk/lib/tinyusb/src/class/midi/midi_device.c.obj
 .text.write_flush
                0x10006d72       0x5e CMakeFiles/16next.dir/Users/jojo/pico-sdk/lib/tinyusb/src/class/midi/midi_device.c.obj
 .text.tud_midi_n_available
                0x10006dd0       0x34 CMakeFiles/16next.dir/Users/jojo/pico-sdk/lib/tinyusb/src/class/midi/midi_device.c.obj
                0x10006dd0                tud_midi_n_available
 .text.tud_midi_n_packet_read
                0x10006e04       0x48 CMakeFiles/16next.dir/Users/jojo/pico-sdk/lib/tinyusb/src/class/midi/midi_device.c.obj
                0x10006e04                tud_midi_n_packet_read
 .text.tud_midi_n_stream_read
                0x10006e4c      0x144 CMakeFiles/16next.dir/Users/jojo/pico-sdk/lib/tinyusb/src/class/midi/midi_device.c.obj
                0x10006e4c                tud_midi_n_stream_read
 .text.tud_midi_n_stream_write
                0x10006f90      0x258 CMakeFiles/16next.dir/Users/jojo/pico-sdk/lib/tinyusb/src/class/midi/midi_device.c.obj
                0x10006f90                tud_midi_n_stream_write
 .text.midid_init
                0x100071e8       0xa8 CMakeFiles/16next.dir/Users/jojo/pico-sdk/lib/tinyusb/src/class/midi/midi_device.c.obj
                0x100071e8                midid_init
 .text.midid_reset
                0x10007290       0x44 CMakeFiles/16next.dir/Users/jojo/pico-sdk/lib/tinyusb/src/class/midi/midi_device.c.obj
                0x10007290                midid_reset
 .text.midid_open
                0x100072d4      0x130 CMakeFiles/16next.dir/Users/jojo/pico-sdk/lib/tinyusb/src/class/midi/midi_device.c.obj
                0x100072d4                midid_open
 .text.midid_control_xfer_cb
                0x10007404        0x4 CMakeFiles/16next.dir/Users/jojo/pico-sdk/lib/tinyusb/src/class/midi/midi_device.c.obj
                0x10007404                midid_control_xfer_cb
 .text.midid_xfer_cb
                0x10007408       0xc0 CMakeFiles/16next.dir/Users/jojo/pico-sdk/lib/tinyusb/src/class/midi/midi_device.c.obj
                0x10007408                midid_xfer_cb
 .text.tusb_init
                0x100074c8        0xa CMakeFiles/16next.dir/Users/jojo/pico-sdk/lib/tinyusb/src/tusb.c.obj
                0x100074c8                tusb_init
 .text.tusb_inited
                0x100074d2        0xe CMakeFiles/16next.dir/Users/jojo/pico-sdk/lib/tinyusb/src/tusb.c.obj
                0x100074d2                tusb_inited
 .text.tu_edpt_claim
                0x100074e0       0x50 CMakeFiles/16next.dir/Users/jojo/pico-sdk/lib/tinyusb/src/tusb.c.obj
                0x100074e0                tu_edpt_claim
 .text.tu_edpt_release
                0x10007530       0x38 CMakeFiles/16next.dir/Users/jojo/pico-sdk/lib/tinyusb/src/tusb.c.obj
                0x10007530                tu_edpt_release
 .text.tu_edpt_validate
                0x10007568       0x78 CMakeFiles/16next.dir/Users/jojo/pico-sdk/lib/tinyusb/src/tusb.c.obj
                0x10007568                tu_edpt_validate
 .text.tu_edpt_bind_driver
                0x100075e0       0x26 CMakeFiles/16next.dir/Users/jojo/pico-sdk/lib/tinyusb/src/tusb.c.obj
                0x100075e0                tu_edpt_bind_driver
 .text.advance_index
                0x10007606       0x1a CMakeFiles/16next.dir/Users/jojo/pico-sdk/lib/tinyusb/src/common/tusb_fifo.c.obj
 .text._tu_fifo_peek
                0x10007620       0x56 CMakeFiles/16next.dir/Users/jojo/pico-sdk/lib/tinyusb/src/common/tusb_fifo.c.obj
 .text._ff_pull_const_addr
                0x10007676       0x4c CMakeFiles/16next.dir/Users/jojo/pico-sdk/lib/tinyusb/src/common/tusb_fifo.c.obj
 .text._ff_pull_n
                0x100076c2      0x110 CMakeFiles/16next.dir/Users/jojo/pico-sdk/lib/tinyusb/src/common/tusb_fifo.c.obj
 .text._tu_fifo_peek_n
                0x100077d2       0x6a CMakeFiles/16next.dir/Users/jojo/pico-sdk/lib/tinyusb/src/common/tusb_fifo.c.obj
 .text._tu_fifo_read_n
                0x1000783c       0x4e CMakeFiles/16next.dir/Users/jojo/pico-sdk/lib/tinyusb/src/common/tusb_fifo.c.obj
 .text._ff_push_const_addr
                0x1000788a       0x40 CMakeFiles/16next.dir/Users/jojo/pico-sdk/lib/tinyusb/src/common/tusb_fifo.c.obj
 .text._ff_push_n
                0x100078ca      0x10c CMakeFiles/16next.dir/Users/jojo/pico-sdk/lib/tinyusb/src/common/tusb_fifo.c.obj
 .text._tu_fifo_write_n
                0x100079d6       0xf0 CMakeFiles/16next.dir/Users/jojo/pico-sdk/lib/tinyusb/src/common/tusb_fifo.c.obj
 .text.tu_fifo_config
                0x10007ac6       0x7c CMakeFiles/16next.dir/Users/jojo/pico-sdk/lib/tinyusb/src/common/tusb_fifo.c.obj
                0x10007ac6                tu_fifo_config
 .text.tu_fifo_count
                0x10007b42       0x2a CMakeFiles/16next.dir/Users/jojo/pico-sdk/lib/tinyusb/src/common/tusb_fifo.c.obj
                0x10007b42                tu_fifo_count
 .text.tu_fifo_full
                0x10007b6c       0x28 CMakeFiles/16next.dir/Users/jojo/pico-sdk/lib/tinyusb/src/common/tusb_fifo.c.obj
                0x10007b6c                tu_fifo_full
 .text.tu_fifo_remaining
                0x10007b94       0x2c CMakeFiles/16next.dir/Users/jojo/pico-sdk/lib/tinyusb/src/common/tusb_fifo.c.obj
                0x10007b94                tu_fifo_remaining
 .text.tu_fifo_read
                0x10007bc0       0x42 CMakeFiles/16next.dir/Users/jojo/pico-sdk/lib/tinyusb/src/common/tusb_fifo.c.obj
                0x10007bc0                tu_fifo_read
 .text.tu_fifo_read_n
                0x10007c02        0xa CMakeFiles/16next.dir/Users/jojo/pico-sdk/lib/tinyusb/src/common/tusb_fifo.c.obj
                0x10007c02                tu_fifo_read_n
 .text.tu_fifo_write
                0x10007c0c       0x64 CMakeFiles/16next.dir/Users/jojo/pico-sdk/lib/tinyusb/src/common/tusb_fifo.c.obj
                0x10007c0c                tu_fifo_write
 .text.tu_fifo_write_n
                0x10007c70        0xa CMakeFiles/16next.dir/Users/jojo/pico-sdk/lib/tinyusb/src/common/tusb_fifo.c.obj
                0x10007c70                tu_fifo_write_n
 .text.tu_fifo_clear
                0x10007c7a       0x3e CMakeFiles/16next.dir/Users/jojo/pico-sdk/lib/tinyusb/src/common/tusb_fifo.c.obj
                0x10007c7a                tu_fifo_clear
 .text.board_init
                0x10007cb8       0x30 CMakeFiles/16next.dir/Users/jojo/pico-sdk/lib/tinyusb/hw/bsp/rp2040/family.c.obj
                0x10007cb8                board_init
 .text.malloc   0x10007ce8       0x14 /Applications/ArmGNUToolchain/13.2.Rel1/arm-none-eabi/bin/../lib/gcc/arm-none-eabi/13.2.1/../../../../arm-none-eabi/lib/thumb/v6-m/nofp/libg.a(libc_a-malloc.o)
                0x10007ce8                malloc
 .text._malloc_r
                0x10007cfc      0x5c4 /Applications/ArmGNUToolchain/13.2.Rel1/arm-none-eabi/bin/../lib/gcc/arm-none-eabi/13.2.1/../../../../arm-none-eabi/lib/thumb/v6-m/nofp/libg.a(libc_a-mallocr.o)
                0x10007cfc                _malloc_r
 .text.__malloc_lock
                0x100082c0       0x10 /Applications/ArmGNUToolchain/13.2.Rel1/arm-none-eabi/bin/../lib/gcc/arm-none-eabi/13.2.1/../../../../arm-none-eabi/lib/thumb/v6-m/nofp/libg.a(libc_a-mlock.o)
                0x100082c0                __malloc_lock
 .text.__malloc_unlock
                0x100082d0       0x10 /Applications/ArmGNUToolchain/13.2.Rel1/arm-none-eabi/bin/../lib/gcc/arm-none-eabi/13.2.1/../../../../arm-none-eabi/lib/thumb/v6-m/nofp/libg.a(libc_a-mlock.o)
                0x100082d0                __malloc_unlock
 .text._sbrk_r  0x100082e0       0x24 /Applications/ArmGNUToolchain/13.2.Rel1/arm-none-eabi/bin/../lib/gcc/arm-none-eabi/13.2.1/../../../../arm-none-eabi/lib/thumb/v6-m/nofp/libg.a(libc_a-sbrkr.o)
                0x100082e0                _sbrk_r
 .text.__errno  0x10008304        0xc /Applications/ArmGNUToolchain/13.2.Rel1/arm-none-eabi/bin/../lib/gcc/arm-none-eabi/13.2.1/../../../../arm-none-eabi/lib/thumb/v6-m/nofp/libg.a(libc_a-errno.o)
                0x10008304                __errno
 .text.sysconf  0x10008310       0x1c /Applications/ArmGNUToolchain/13.2.Rel1/arm-none-eabi/bin/../lib/gcc/arm-none-eabi/13.2.1/../../../../arm-none-eabi/lib/thumb/v6-m/nofp/libg.a(libc_a-sysconf.o)
                0x10008310                sysconf
 .text.__retarget_lock_acquire_recursive
                0x1000832c        0x4 /Applications/ArmGNUToolchain/13.2.Rel1/arm-none-eabi/bin/../lib/gcc/arm-none-eabi/13.2.1/../../../../arm-none-eabi/lib/thumb/v6-m/nofp/libg.a(libc_a-lock.o)
                0x1000832c                __retarget_lock_acquire_recursive
 .text.__retarget_lock_release_recursive
                0x10008330        0x4 /Applications/ArmGNUToolchain/13.2.Rel1/arm-none-eabi/bin/../lib/gcc/arm-none-eabi/13.2.1/../../../../arm-none-eabi/lib/thumb/v6-m/nofp/libg.a(libc_a-lock.o)
                0x10008330                __retarget_lock_release_recursive
 .text.strlen   0x10008334       0x5c /Applications/ArmGNUToolchain/13.2.Rel1/arm-none-eabi/bin/../lib/gcc/arm-none-eabi/13.2.1/../../../../arm-none-eabi/lib/thumb/v6-m/nofp/libg.a(libc_a-strlen-stub.o)
                0x10008334                strlen
 .text._malloc_trim_r
                0x10008390       0xb4 /Applications/ArmGNUToolchain/13.2.Rel1/arm-none-eabi/bin/../lib/gcc/arm-none-eabi/13.2.1/../../../../arm-none-eabi/lib/thumb/v6-m/nofp/libg.a(libc_a-freer.o)
                0x10008390                _malloc_trim_r
 .text._free_r  0x10008444      0x1d4 /Applications/ArmGNUToolchain/13.2.Rel1/arm-none-eabi/bin/../lib/gcc/arm-none-eabi/13.2.1/../../../../arm-none-eabi/lib/thumb/v6-m/nofp/libg.a(libc_a-freer.o)
                0x10008444                _free_r
 *(.fini)
 .fini          0x10008618        0x4 /Applications/ArmGNUToolchain/13.2.Rel1/arm-none-eabi/bin/../lib/gcc/arm-none-eabi/13.2.1/thumb/v6-m/nofp/crti.o
                0x10008618                _fini
 *fill*         0x1000861c        0x4 
 .fini.__stub   0x10008620       0xf0 linker stubs
 *crtbegin.o(.ctors)
 *crtbegin?.o(.ctors)
 *(EXCLUDE_FILE(*crtend.o *crtend?.o) .ctors)
 *(SORT_BY_NAME(.ctors.*))
 *(.ctors)
 *crtbegin.o(.dtors)
 *crtbegin?.o(.dtors)
 *(EXCLUDE_FILE(*crtend.o *crtend?.o) .dtors)
 *(SORT_BY_NAME(.dtors.*))
 *(.dtors)
 *(.eh_frame*)
 .eh_frame      0x10008710        0x0 /Applications/ArmGNUToolchain/13.2.Rel1/arm-none-eabi/bin/../lib/gcc/arm-none-eabi/13.2.1/thumb/v6-m/nofp/crtbegin.o
                0x10008710                        . = ALIGN (0x4)

.glue_7         0x10008710        0x0
 .glue_7        0x10008710        0x0 linker stubs

.glue_7t        0x10008710        0x0
 .glue_7t       0x10008710        0x0 linker stubs

.vfp11_veneer   0x10008710        0x0
 .vfp11_veneer  0x10008710        0x0 linker stubs

.v4_bx          0x10008710        0x0
 .v4_bx         0x10008710        0x0 linker stubs

.iplt           0x10008710        0x0
 .iplt          0x10008710        0x0 /Applications/ArmGNUToolchain/13.2.Rel1/arm-none-eabi/bin/../lib/gcc/arm-none-eabi/13.2.1/thumb/v6-m/nofp/crtbegin.o

.rodata         0x10008710     0x1728
 *(EXCLUDE_FILE(*libm.a: *libc.a:*lib_a-mem*.o *libgcc.a:) .rodata*)
 .rodata._ZL20update_us_since_bootP15absolute_time_ty.str1.4
                0x10008710      0xf6c CMakeFiles/16next.dir/main.cpp.obj
                                 0x93 (size before relaxing)
 .rodata.str1.4
                0x1000967c       0x71 CMakeFiles/16next.dir/main.cpp.obj
 .rodata._ZZ4mainE7__bi_73
                0x1000967c        0xc CMakeFiles/16next.dir/main.cpp.obj
 .rodata._ZZ4mainE7__bi_69
                0x10009688        0xc CMakeFiles/16next.dir/main.cpp.obj
 .rodata._ZZ4mainE7__bi_68
                0x10009694        0xc CMakeFiles/16next.dir/main.cpp.obj
 .rodata._ZL8mux_pins
                0x100096a0       0x10 CMakeFiles/16next.dir/main.cpp.obj
 .rodata._ZL11faderLookup
                0x100096b0       0x40 CMakeFiles/16next.dir/main.cpp.obj
 .rodata.str1.4
                0x100096f0        0xd CMakeFiles/16next.dir/usb_descriptors.c.obj
 .rodata.__compound_literal.0
                0x100096f0        0x2 CMakeFiles/16next.dir/usb_descriptors.c.obj
 *fill*         0x100096f2        0x2 
 .rodata.desc_fs_configuration
                0x100096f4       0x65 CMakeFiles/16next.dir/usb_descriptors.c.obj
                0x100096f4                desc_fs_configuration
 *fill*         0x10009759        0x3 
 .rodata.desc_device
                0x1000975c       0x12 CMakeFiles/16next.dir/usb_descriptors.c.obj
                0x1000975c                desc_device
 .rodata.spin_lock_claim_unused.str1.4
                0x1000976e       0x1b CMakeFiles/16next.dir/Users/jojo/pico-sdk/src/rp2_common/hardware_sync/sync.c.obj
 .rodata.resolve_branch.str1.4
                0x1000976e       0x4f CMakeFiles/16next.dir/Users/jojo/pico-sdk/src/rp2_common/hardware_irq/irq.c.obj
 .rodata.make_branch.str1.4
                0x1000976e       0x30 CMakeFiles/16next.dir/Users/jojo/pico-sdk/src/rp2_common/hardware_irq/irq.c.obj
 .rodata.insert_branch_and_link.str1.4
                0x1000976e       0x10 CMakeFiles/16next.dir/Users/jojo/pico-sdk/src/rp2_common/hardware_irq/irq.c.obj
 .rodata.irq_set_exclusive_handler.str1.4
                0x1000976e       0x36 CMakeFiles/16next.dir/Users/jojo/pico-sdk/src/rp2_common/hardware_irq/irq.c.obj
 .rodata.irq_add_shared_handler.str1.4
                0x1000976e       0xc2 CMakeFiles/16next.dir/Users/jojo/pico-sdk/src/rp2_common/hardware_irq/irq.c.obj
 .rodata.irq_remove_handler.str1.4
                0x1000976e       0x3a CMakeFiles/16next.dir/Users/jojo/pico-sdk/src/rp2_common/hardware_irq/irq.c.obj
 .rodata.irq_add_tail_to_free_list.str1.4
                0x1000976e       0x3a CMakeFiles/16next.dir/Users/jojo/pico-sdk/src/rp2_common/hardware_irq/irq.c.obj
 *fill*         0x1000976e        0x2 
 .rodata.__func__.0
                0x10009770       0x1a CMakeFiles/16next.dir/Users/jojo/pico-sdk/src/rp2_common/hardware_irq/irq.c.obj
 *fill*         0x1000978a        0x2 
 .rodata.__func__.1
                0x1000978c       0x17 CMakeFiles/16next.dir/Users/jojo/pico-sdk/src/rp2_common/hardware_irq/irq.c.obj
 *fill*         0x100097a3        0x1 
 .rodata.__func__.2
                0x100097a4       0x13 CMakeFiles/16next.dir/Users/jojo/pico-sdk/src/rp2_common/hardware_irq/irq.c.obj
 *fill*         0x100097b7        0x1 
 .rodata.__func__.3
                0x100097b8        0xc CMakeFiles/16next.dir/Users/jojo/pico-sdk/src/rp2_common/hardware_irq/irq.c.obj
 .rodata.__func__.4
                0x100097c4        0xf CMakeFiles/16next.dir/Users/jojo/pico-sdk/src/rp2_common/hardware_irq/irq.c.obj
 *fill*         0x100097d3        0x1 
 .rodata.__func__.5
                0x100097d4       0x17 CMakeFiles/16next.dir/Users/jojo/pico-sdk/src/rp2_common/hardware_irq/irq.c.obj
 *fill*         0x100097eb        0x1 
 .rodata.__func__.6
                0x100097ec       0x1a CMakeFiles/16next.dir/Users/jojo/pico-sdk/src/rp2_common/hardware_irq/irq.c.obj
 .rodata.update_us_since_boot.str1.4
                0x10009806       0x5b CMakeFiles/16next.dir/Users/jojo/pico-sdk/src/common/pico_sync/mutex.c.obj
 .rodata.str1.4
                0x10009806       0x85 CMakeFiles/16next.dir/Users/jojo/pico-sdk/src/common/pico_sync/mutex.c.obj
 *fill*         0x10009806        0x2 
 .rodata.__func__.1
                0x10009808        0xb CMakeFiles/16next.dir/Users/jojo/pico-sdk/src/common/pico_sync/mutex.c.obj
 *fill*         0x10009813        0x1 
 .rodata.__func__.3
                0x10009814       0x18 CMakeFiles/16next.dir/Users/jojo/pico-sdk/src/common/pico_sync/mutex.c.obj
 .rodata.__func__.4
                0x1000982c       0x15 CMakeFiles/16next.dir/Users/jojo/pico-sdk/src/common/pico_sync/mutex.c.obj
 .rodata.get_entry.str1.4
                0x10009841       0x55 CMakeFiles/16next.dir/Users/jojo/pico-sdk/src/common/pico_time/time.c.obj
 .rodata.update_us_since_boot.str1.4
                0x10009841       0x5b CMakeFiles/16next.dir/Users/jojo/pico-sdk/src/common/pico_time/time.c.obj
 .rodata.ph_get_node.str1.4
                0x10009841       0x60 CMakeFiles/16next.dir/Users/jojo/pico-sdk/src/common/pico_time/time.c.obj
 .rodata.ph_add_child_node.str1.4
                0x10009841       0x2e CMakeFiles/16next.dir/Users/jojo/pico-sdk/src/common/pico_time/time.c.obj
 .rodata.ph_insert_node.str1.4
                0x10009841        0x3 CMakeFiles/16next.dir/Users/jojo/pico-sdk/src/common/pico_time/time.c.obj
 .rodata.ph_free_node.str1.4
                0x10009841       0x38 CMakeFiles/16next.dir/Users/jojo/pico-sdk/src/common/pico_time/time.c.obj
 .rodata.add_alarm_under_lock.str1.4
                0x10009841       0x28 CMakeFiles/16next.dir/Users/jojo/pico-sdk/src/common/pico_time/time.c.obj
 .rodata.alarm_pool_alarm_callback.str1.4
                0x10009841       0x60 CMakeFiles/16next.dir/Users/jojo/pico-sdk/src/common/pico_time/time.c.obj
 .rodata.alarm_pool_get_default.str1.4
                0x10009841       0x21 CMakeFiles/16next.dir/Users/jojo/pico-sdk/src/common/pico_time/time.c.obj
 .rodata.alarm_pool_cancel_alarm.str1.4
                0x10009841       0x27 CMakeFiles/16next.dir/Users/jojo/pico-sdk/src/common/pico_time/time.c.obj
 .rodata.sleep_until.str1.4
                0x10009841       0x4d CMakeFiles/16next.dir/Users/jojo/pico-sdk/src/common/pico_time/time.c.obj
 *fill*         0x10009841        0x3 
 .rodata.__func__.1
                0x10009844       0x18 CMakeFiles/16next.dir/Users/jojo/pico-sdk/src/common/pico_time/time.c.obj
 .rodata.__func__.3
                0x1000985c       0x17 CMakeFiles/16next.dir/Users/jojo/pico-sdk/src/common/pico_time/time.c.obj
 *fill*         0x10009873        0x1 
 .rodata.__func__.4
                0x10009874       0x12 CMakeFiles/16next.dir/Users/jojo/pico-sdk/src/common/pico_time/time.c.obj
 *fill*         0x10009886        0x2 
 .rodata.__func__.5
                0x10009888        0xd CMakeFiles/16next.dir/Users/jojo/pico-sdk/src/common/pico_time/time.c.obj
 *fill*         0x10009895        0x3 
 .rodata.__func__.6
                0x10009898       0x12 CMakeFiles/16next.dir/Users/jojo/pico-sdk/src/common/pico_time/time.c.obj
 *fill*         0x100098aa        0x2 
 .rodata.__func__.7
                0x100098ac        0xf CMakeFiles/16next.dir/Users/jojo/pico-sdk/src/common/pico_time/time.c.obj
 *fill*         0x100098bb        0x1 
 .rodata.__func__.8
                0x100098bc        0xc CMakeFiles/16next.dir/Users/jojo/pico-sdk/src/common/pico_time/time.c.obj
 .rodata.__func__.9
                0x100098c8       0x15 CMakeFiles/16next.dir/Users/jojo/pico-sdk/src/common/pico_time/time.c.obj
 *fill*         0x100098dd        0x3 
 .rodata.__func__.10
                0x100098e0       0x15 CMakeFiles/16next.dir/Users/jojo/pico-sdk/src/common/pico_time/time.c.obj
 *fill*         0x100098f5        0x3 
 .rodata.__func__.11
                0x100098f8       0x1a CMakeFiles/16next.dir/Users/jojo/pico-sdk/src/common/pico_time/time.c.obj
 *fill*         0x10009912        0x2 
 .rodata.__func__.12
                0x10009914        0xa CMakeFiles/16next.dir/Users/jojo/pico-sdk/src/common/pico_time/time.c.obj
 .rodata.update_us_since_boot.str1.4
                0x1000991e       0x5b CMakeFiles/16next.dir/Users/jojo/pico-sdk/src/rp2_common/hardware_timer/timer.c.obj
 .rodata.hardware_alarm_claim.str1.4
                0x1000991e       0x22 CMakeFiles/16next.dir/Users/jojo/pico-sdk/src/rp2_common/hardware_timer/timer.c.obj
 .rodata.hardware_alarm_set_target.str1.4
                0x1000991e       0x5f CMakeFiles/16next.dir/Users/jojo/pico-sdk/src/rp2_common/hardware_timer/timer.c.obj
 *fill*         0x1000991e        0x2 
 .rodata.__func__.0
                0x10009920       0x1a CMakeFiles/16next.dir/Users/jojo/pico-sdk/src/rp2_common/hardware_timer/timer.c.obj
 *fill*         0x1000993a        0x2 
 .rodata.__func__.1
                0x1000993c       0x15 CMakeFiles/16next.dir/Users/jojo/pico-sdk/src/rp2_common/hardware_timer/timer.c.obj
 .rodata.ph_get_node.str1.4
                0x10009951       0x60 CMakeFiles/16next.dir/Users/jojo/pico-sdk/src/common/pico_util/pheap.c.obj
 .rodata.ph_add_child_node.str1.4
                0x10009951       0x2e CMakeFiles/16next.dir/Users/jojo/pico-sdk/src/common/pico_util/pheap.c.obj
 .rodata.ph_remove_any_head.str1.4
                0x10009951       0x9c CMakeFiles/16next.dir/Users/jojo/pico-sdk/src/common/pico_util/pheap.c.obj
 .rodata.ph_remove_and_free_node.str1.4
                0x10009951       0x26 CMakeFiles/16next.dir/Users/jojo/pico-sdk/src/common/pico_util/pheap.c.obj
 *fill*         0x10009951        0x3 
 .rodata.__func__.0
                0x10009954       0x18 CMakeFiles/16next.dir/Users/jojo/pico-sdk/src/common/pico_util/pheap.c.obj
 .rodata.__func__.1
                0x1000996c       0x13 CMakeFiles/16next.dir/Users/jojo/pico-sdk/src/common/pico_util/pheap.c.obj
 *fill*         0x1000997f        0x1 
 .rodata.__func__.2
                0x10009980       0x12 CMakeFiles/16next.dir/Users/jojo/pico-sdk/src/common/pico_util/pheap.c.obj
 *fill*         0x10009992        0x2 
 .rodata.__func__.3
                0x10009994        0xc CMakeFiles/16next.dir/Users/jojo/pico-sdk/src/common/pico_util/pheap.c.obj
 .rodata.clock_configure.str1.4
                0x100099a0       0x51 CMakeFiles/16next.dir/Users/jojo/pico-sdk/src/rp2_common/hardware_clocks/clocks.c.obj
 .rodata.__func__.1
                0x100099a0       0x10 CMakeFiles/16next.dir/Users/jojo/pico-sdk/src/rp2_common/hardware_clocks/clocks.c.obj
 .rodata.pll_init.str1.4
                0x100099b0      0x11c CMakeFiles/16next.dir/Users/jojo/pico-sdk/src/rp2_common/hardware_pll/pll.c.obj
 .rodata.__func__.0
                0x100099b0        0x9 CMakeFiles/16next.dir/Users/jojo/pico-sdk/src/rp2_common/hardware_pll/pll.c.obj
 .rodata.__assert_func.str1.4
                0x100099b9       0x43 CMakeFiles/16next.dir/Users/jojo/pico-sdk/src/rp2_common/pico_runtime/runtime.c.obj
 .rodata.runtime_init.str1.4
                0x100099b9       0x5b CMakeFiles/16next.dir/Users/jojo/pico-sdk/src/rp2_common/pico_runtime/runtime.c.obj
 .rodata.panic.str1.4
                0x100099b9       0x12 CMakeFiles/16next.dir/Users/jojo/pico-sdk/src/rp2_common/pico_runtime/runtime.c.obj
 *fill*         0x100099b9        0x3 
 .rodata.__func__.2
                0x100099bc        0xd CMakeFiles/16next.dir/Users/jojo/pico-sdk/src/rp2_common/pico_runtime/runtime.c.obj
 .rodata._ftoa.str1.4
                0x100099c9       0x15 CMakeFiles/16next.dir/Users/jojo/pico-sdk/src/rp2_common/pico_printf/printf.c.obj
 *fill*         0x100099c9        0x3 
 .rodata._vsnprintf
                0x100099cc      0x19c CMakeFiles/16next.dir/Users/jojo/pico-sdk/src/rp2_common/pico_printf/printf.c.obj
 .rodata.pow10.0
                0x10009b68       0x50 CMakeFiles/16next.dir/Users/jojo/pico-sdk/src/rp2_common/pico_printf/printf.c.obj
 .rodata.__aeabi_double_init.str1.4
                0x10009bb8       0x96 CMakeFiles/16next.dir/Users/jojo/pico-sdk/src/rp2_common/pico_double/double_init_rom.c.obj
 .rodata.__func__.0
                0x10009bb8       0x14 CMakeFiles/16next.dir/Users/jojo/pico-sdk/src/rp2_common/pico_double/double_init_rom.c.obj
 .rodata.__aeabi_float_init.str1.4
                0x10009bcc       0x78 CMakeFiles/16next.dir/Users/jojo/pico-sdk/src/rp2_common/pico_float/float_init_rom.c.obj
 .rodata.__func__.0
                0x10009bcc       0x13 CMakeFiles/16next.dir/Users/jojo/pico-sdk/src/rp2_common/pico_float/float_init_rom.c.obj
 .rodata.check_alloc.str1.4
                0x10009bdf        0xe CMakeFiles/16next.dir/Users/jojo/pico-sdk/src/rp2_common/pico_malloc/pico_malloc.c.obj
 .rodata.str1.4
                0x10009bdf       0x3c CMakeFiles/16next.dir/Users/jojo/pico-sdk/src/rp2_common/pico_standard_link/binary_info.c.obj
 *fill*         0x10009bdf        0x1 
 .rodata.__bi_81
                0x10009be0        0xc CMakeFiles/16next.dir/Users/jojo/pico-sdk/src/rp2_common/pico_standard_link/binary_info.c.obj
 .rodata.__bi_75
                0x10009bec        0xc CMakeFiles/16next.dir/Users/jojo/pico-sdk/src/rp2_common/pico_standard_link/binary_info.c.obj
 .rodata.__bi_44
                0x10009bf8        0xc CMakeFiles/16next.dir/Users/jojo/pico-sdk/src/rp2_common/pico_standard_link/binary_info.c.obj
 .rodata.update_us_since_boot.str1.4
                0x10009c04       0x5b CMakeFiles/16next.dir/Users/jojo/pico-sdk/src/rp2_common/pico_stdio/stdio.c.obj
 .rodata.crlf_str.2
                0x10009c04        0x2 CMakeFiles/16next.dir/Users/jojo/pico-sdk/src/rp2_common/pico_stdio/stdio.c.obj
 *fill*         0x10009c06        0x2 
 .rodata.__func__.3
                0x10009c08       0x15 CMakeFiles/16next.dir/Users/jojo/pico-sdk/src/rp2_common/pico_stdio/stdio.c.obj
 .rodata.str1.4
                0x10009c1d       0x2c CMakeFiles/16next.dir/Users/jojo/pico-sdk/src/rp2_common/pico_stdio_uart/stdio_uart.c.obj
 *fill*         0x10009c1d        0x3 
 .rodata.__bi_33.4
                0x10009c20        0xc CMakeFiles/16next.dir/Users/jojo/pico-sdk/src/rp2_common/pico_stdio_uart/stdio_uart.c.obj
 .rodata.__bi_34.5
                0x10009c2c        0x8 CMakeFiles/16next.dir/Users/jojo/pico-sdk/src/rp2_common/pico_stdio_uart/stdio_uart.c.obj
 .rodata.pico_get_unique_board_id_string.str1.4
                0x10009c34       0x47 CMakeFiles/16next.dir/Users/jojo/pico-sdk/src/rp2_common/pico_unique_id/unique_id.c.obj
 .rodata.__func__.0
                0x10009c34       0x20 CMakeFiles/16next.dir/Users/jojo/pico-sdk/src/rp2_common/pico_unique_id/unique_id.c.obj
 .rodata.str1.4
                0x10009c54      0x152 CMakeFiles/16next.dir/Users/jojo/pico-sdk/src/rp2_common/hardware_flash/flash.c.obj
 .rodata.__func__.0
                0x10009c54        0xd CMakeFiles/16next.dir/Users/jojo/pico-sdk/src/rp2_common/hardware_flash/flash.c.obj
 *fill*         0x10009c61        0x3 
 .rodata.__func__.1
                0x10009c64       0x14 CMakeFiles/16next.dir/Users/jojo/pico-sdk/src/rp2_common/hardware_flash/flash.c.obj
 .rodata.__func__.2
                0x10009c78       0x12 CMakeFiles/16next.dir/Users/jojo/pico-sdk/src/rp2_common/hardware_flash/flash.c.obj
 .rodata.midi_uart_drain_tx_buffer.str1.4
                0x10009c8a       0x85 CMakeFiles/16next.dir/lib/midi_uart_lib/midi_uart_lib.c.obj
 *fill*         0x10009c8a        0x2 
 .rodata.__func__.0
                0x10009c8c       0x1a CMakeFiles/16next.dir/lib/midi_uart_lib/midi_uart_lib.c.obj
 .rodata.ring_buffer_push_core.str1.4
                0x10009ca6       0xa1 CMakeFiles/16next.dir/lib/midi_uart_lib/lib/ring_buffer_lib/ring_buffer_lib.c.obj
 .rodata.ring_buffer_init.str1.4
                0x10009ca6       0x10 CMakeFiles/16next.dir/lib/midi_uart_lib/lib/ring_buffer_lib/ring_buffer_lib.c.obj
 *fill*         0x10009ca6        0x2 
 .rodata.__func__.1
                0x10009ca8       0x15 CMakeFiles/16next.dir/lib/midi_uart_lib/lib/ring_buffer_lib/ring_buffer_lib.c.obj
 *fill*         0x10009cbd        0x3 
 .rodata.__func__.5
                0x10009cc0       0x21 CMakeFiles/16next.dir/lib/midi_uart_lib/lib/ring_buffer_lib/ring_buffer_lib.c.obj
 *fill*         0x10009ce1        0x3 
 .rodata.__func__.6
                0x10009ce4       0x16 CMakeFiles/16next.dir/lib/midi_uart_lib/lib/ring_buffer_lib/ring_buffer_lib.c.obj
 *fill*         0x10009cfa        0x2 
 .rodata.__func__.7
                0x10009cfc       0x11 CMakeFiles/16next.dir/lib/midi_uart_lib/lib/ring_buffer_lib/ring_buffer_lib.c.obj
 .rodata._hw_endpoint_alloc.str1.4
                0x10009d0d       0xb1 CMakeFiles/16next.dir/Users/jojo/pico-sdk/lib/tinyusb/src/portable/raspberrypi/rp2040/dcd_rp2040.c.obj
 .rodata.str1.4
                0x10009d0d       0x14 CMakeFiles/16next.dir/Users/jojo/pico-sdk/lib/tinyusb/src/portable/raspberrypi/rp2040/dcd_rp2040.c.obj
 .rodata.dcd_int_enable.str1.4
                0x10009d0d        0xc CMakeFiles/16next.dir/Users/jojo/pico-sdk/lib/tinyusb/src/portable/raspberrypi/rp2040/dcd_rp2040.c.obj
 *fill*         0x10009d0d        0x3 
 .rodata.__func__.0
                0x10009d10        0xe CMakeFiles/16next.dir/Users/jojo/pico-sdk/lib/tinyusb/src/portable/raspberrypi/rp2040/dcd_rp2040.c.obj
 *fill*         0x10009d1e        0x2 
 .rodata.__func__.1
                0x10009d20        0xe CMakeFiles/16next.dir/Users/jojo/pico-sdk/lib/tinyusb/src/portable/raspberrypi/rp2040/dcd_rp2040.c.obj
 *fill*         0x10009d2e        0x2 
 .rodata.__func__.3
                0x10009d30       0x10 CMakeFiles/16next.dir/Users/jojo/pico-sdk/lib/tinyusb/src/portable/raspberrypi/rp2040/dcd_rp2040.c.obj
 .rodata.__func__.5
                0x10009d40        0xf CMakeFiles/16next.dir/Users/jojo/pico-sdk/lib/tinyusb/src/portable/raspberrypi/rp2040/dcd_rp2040.c.obj
 *fill*         0x10009d4f        0x1 
 .rodata.__func__.6
                0x10009d50       0x13 CMakeFiles/16next.dir/Users/jojo/pico-sdk/lib/tinyusb/src/portable/raspberrypi/rp2040/dcd_rp2040.c.obj
 *fill*         0x10009d63        0x1 
 .rodata.__func__.7
                0x10009d64        0x9 CMakeFiles/16next.dir/Users/jojo/pico-sdk/lib/tinyusb/src/portable/raspberrypi/rp2040/dcd_rp2040.c.obj
 .rodata.str1.4
                0x10009d6d       0xe3 CMakeFiles/16next.dir/Users/jojo/pico-sdk/lib/tinyusb/src/portable/raspberrypi/rp2040/rp2040_usb.c.obj
 *fill*         0x10009d6d        0x3 
 .rodata.__func__.0
                0x10009d70        0xf CMakeFiles/16next.dir/Users/jojo/pico-sdk/lib/tinyusb/src/portable/raspberrypi/rp2040/rp2040_usb.c.obj
 *fill*         0x10009d7f        0x1 
 .rodata.process_get_descriptor
                0x10009d80       0x40 CMakeFiles/16next.dir/Users/jojo/pico-sdk/lib/tinyusb/src/device/usbd.c.obj
 .rodata.process_control_request
                0x10009dc0       0x28 CMakeFiles/16next.dir/Users/jojo/pico-sdk/lib/tinyusb/src/device/usbd.c.obj
 .rodata.tud_task_ext
                0x10009de8       0x24 CMakeFiles/16next.dir/Users/jojo/pico-sdk/lib/tinyusb/src/device/usbd.c.obj
 .rodata._usbd_driver
                0x10009e0c       0x18 CMakeFiles/16next.dir/Users/jojo/pico-sdk/lib/tinyusb/src/device/usbd.c.obj
 .rodata.str1.4
                0x10009e24        0x4 CMakeFiles/16next.dir/Users/jojo/pico-sdk/lib/tinyusb/hw/bsp/rp2040/family.c.obj
 .rodata.__bi_142.0
                0x10009e24        0xc CMakeFiles/16next.dir/Users/jojo/pico-sdk/lib/tinyusb/hw/bsp/rp2040/family.c.obj
 .rodata.__bi_152.1
                0x10009e30        0x8 CMakeFiles/16next.dir/Users/jojo/pico-sdk/lib/tinyusb/hw/bsp/rp2040/family.c.obj
                0x10009e38                        . = ALIGN (0x4)
 *(SORT_BY_ALIGNMENT(SORT_BY_NAME(.flashdata*)))
                0x10009e38                        . = ALIGN (0x4)

.ARM.extab
 *(.ARM.extab* .gnu.linkonce.armextab.*)
                0x10009e38                        __exidx_start = .

.ARM.exidx
 *(.ARM.exidx* .gnu.linkonce.armexidx.*)
                0x10009e38                        __exidx_end = .
                0x10009e38                        . = ALIGN (0x4)
                0x10009e38                        __binary_info_start = .

.binary_info    0x10009e38       0x38
 *(.binary_info.keep.*)
 .binary_info.keep.__bi_ptr73
                0x10009e38        0x4 CMakeFiles/16next.dir/main.cpp.obj
 .binary_info.keep.__bi_ptr69
                0x10009e3c        0x4 CMakeFiles/16next.dir/main.cpp.obj
 .binary_info.keep.__bi_ptr68
                0x10009e40        0x4 CMakeFiles/16next.dir/main.cpp.obj
 .binary_info.keep.__bi_ptr81
                0x10009e44        0x4 CMakeFiles/16next.dir/Users/jojo/pico-sdk/src/rp2_common/pico_standard_link/binary_info.c.obj
 .binary_info.keep.__bi_ptr75
                0x10009e48        0x4 CMakeFiles/16next.dir/Users/jojo/pico-sdk/src/rp2_common/pico_standard_link/binary_info.c.obj
 .binary_info.keep.__bi_ptr50
                0x10009e4c        0x4 CMakeFiles/16next.dir/Users/jojo/pico-sdk/src/rp2_common/pico_standard_link/binary_info.c.obj
 .binary_info.keep.__bi_ptr44
                0x10009e50        0x4 CMakeFiles/16next.dir/Users/jojo/pico-sdk/src/rp2_common/pico_standard_link/binary_info.c.obj
 .binary_info.keep.__bi_ptr38
                0x10009e54        0x4 CMakeFiles/16next.dir/Users/jojo/pico-sdk/src/rp2_common/pico_standard_link/binary_info.c.obj
 .binary_info.keep.__bi_ptr30
                0x10009e58        0x4 CMakeFiles/16next.dir/Users/jojo/pico-sdk/src/rp2_common/pico_standard_link/binary_info.c.obj
 .binary_info.keep.__bi_ptr22
                0x10009e5c        0x4 CMakeFiles/16next.dir/Users/jojo/pico-sdk/src/rp2_common/pico_standard_link/binary_info.c.obj
 .binary_info.keep.__bi_ptr152
                0x10009e60        0x4 CMakeFiles/16next.dir/Users/jojo/pico-sdk/lib/tinyusb/hw/bsp/rp2040/family.c.obj
 .binary_info.keep.__bi_ptr142
                0x10009e64        0x4 CMakeFiles/16next.dir/Users/jojo/pico-sdk/lib/tinyusb/hw/bsp/rp2040/family.c.obj
 *(.binary_info.*)
 .binary_info.__bi_ptr34
                0x10009e68        0x4 CMakeFiles/16next.dir/Users/jojo/pico-sdk/src/rp2_common/pico_stdio_uart/stdio_uart.c.obj
 .binary_info.__bi_ptr33
                0x10009e6c        0x4 CMakeFiles/16next.dir/Users/jojo/pico-sdk/src/rp2_common/pico_stdio_uart/stdio_uart.c.obj
                0x10009e70                        __binary_info_end = .

.rel.dyn        0x10009e70        0x0
 .rel.iplt      0x10009e70        0x0 /Applications/ArmGNUToolchain/13.2.Rel1/arm-none-eabi/bin/../lib/gcc/arm-none-eabi/13.2.1/thumb/v6-m/nofp/crtbegin.o
                0x10009e70                        . = ALIGN (0x4)

.ram_vector_table
                0x20000000       0xc0
 *(.ram_vector_table)
 .ram_vector_table
                0x20000000       0xc0 CMakeFiles/16next.dir/Users/jojo/pico-sdk/src/rp2_common/pico_runtime/runtime.c.obj
                0x20000000                ram_vector_table

.data           0x200000c0     0x124c load address 0x10009e70
                0x200000c0                        __data_start__ = .
 *(vtable)
 *(.time_critical*)
 .time_critical.mutex_try_enter
                0x200000c0       0x46 CMakeFiles/16next.dir/Users/jojo/pico-sdk/src/common/pico_sync/mutex.c.obj
                0x200000c0                mutex_try_enter
 *fill*         0x20000106        0x2 
 .time_critical.mutex_enter_block_until
                0x20000108       0x8c CMakeFiles/16next.dir/Users/jojo/pico-sdk/src/common/pico_sync/mutex.c.obj
                0x20000108                mutex_enter_block_until
 .time_critical.mutex_try_enter_block_until
                0x20000194       0x34 CMakeFiles/16next.dir/Users/jojo/pico-sdk/src/common/pico_sync/mutex.c.obj
                0x20000194                mutex_try_enter_block_until
 .time_critical.mutex_enter_timeout_ms
                0x200001c8       0x1a CMakeFiles/16next.dir/Users/jojo/pico-sdk/src/common/pico_sync/mutex.c.obj
                0x200001c8                mutex_enter_timeout_ms
 *fill*         0x200001e2        0x2 
 .time_critical.mutex_exit
                0x200001e4       0x4c CMakeFiles/16next.dir/Users/jojo/pico-sdk/src/common/pico_sync/mutex.c.obj
                0x200001e4                mutex_exit
 .time_critical.flash_init_boot2_copyout
                0x20000230       0x30 CMakeFiles/16next.dir/Users/jojo/pico-sdk/src/rp2_common/hardware_flash/flash.c.obj
 .time_critical.flash_enable_xip_via_boot2